Component: ARM Compiler 5.06 update 2 (build 183) Tool: armlink [4d35b7]

==============================================================================

Section Cross References

    can_device.o(i.can1_recv_callback) refers to can_device.o(i.get_moto_offset) for get_moto_offset
    can_device.o(i.can1_recv_callback) refers to can_device.o(i.encoder_data_handle) for encoder_data_handle
    can_device.o(i.can1_recv_callback) refers to detect_task.o(i.err_detector_hook) for err_detector_hook
    can_device.o(i.can1_recv_callback) refers to can_device.o(.bss) for moto_chassis
    can_device.o(i.send_chassis_moto_current) refers to bsp_can.o(i.write_can) for write_can
    can_device.o(i.send_chassis_moto_current) refers to can_device.o(.data) for data
    can_device.o(i.send_chassis_moto_zero_current) refers to bsp_can.o(i.write_can) for write_can
    can_device.o(i.send_chassis_moto_zero_current) refers to can_device.o(.data) for data
    can_device.o(i.send_gimbal_moto_current) refers to bsp_can.o(i.write_can) for write_can
    can_device.o(i.send_gimbal_moto_current) refers to shoot_custom.o(.data) for trigger_moto_current
    can_device.o(i.send_gimbal_moto_current) refers to can_device.o(.data) for data
    can_device.o(i.send_gimbal_moto_zero_current) refers to bsp_can.o(i.write_can) for write_can
    can_device.o(i.send_gimbal_moto_zero_current) refers to can_device.o(.data) for data
    can_device.o(i.set_test_motor_current) refers to bsp_can.o(i.write_can) for write_can
    can_device.o(i.set_test_motor_current) refers to can_device.o(.data) for data
    uart_device.o(i.dbus_uart_callback) refers to uart_device.o(i.remote_data_handle) for remote_data_handle
    uart_device.o(i.dbus_uart_callback) refers to detect_task.o(i.err_detector_hook) for err_detector_hook
    uart_device.o(i.dbus_uart_callback) refers to uart_device.o(.bss) for dbus_recv
    uart_device.o(i.remote_data_handle) refers to rt_memclr.o(.text) for __aeabi_memclr
    calibrate.o(i.gimbal_cali_hook) refers to calibrate.o(i.save_cali_data) for save_cali_data
    calibrate.o(i.gimbal_cali_hook) refers to calibrate.o(.bss) for glb_cali_data
    calibrate.o(i.gimbal_cali_hook) refers to can_device.o(.bss) for moto_pit
    calibrate.o(i.read_cali_data) refers to bsp_flash.o(i.read_flash) for read_flash
    calibrate.o(i.read_cali_data) refers to calibrate.o(.bss) for glb_cali_data
    calibrate.o(i.save_cali_data) refers to bsp_flash.o(i.write_flash) for write_flash
    calibrate.o(i.save_cali_data) refers to calibrate.o(.bss) for glb_cali_data
    keyboard.o(i.key_fsm) refers to keyboard.o(.bss) for km
    keyboard.o(i.pc_kb_hook) refers to keyboard.o(i.key_fsm) for key_fsm
    keyboard.o(i.pc_kb_hook) refers to uart_device.o(.bss) for rc
    keyboard.o(i.pc_kb_hook) refers to keyboard.o(.bss) for km
    keyboard.o(i.pc_kb_hook) refers to keyboard.o(.data) for delta_spd
    pid.o(i.pid_calc) refers to pid.o(i.abs_limit) for abs_limit
    ramp.o(.data) refers to ramp.o(i.ramp_init) for ramp_init
    ramp.o(.data) refers to ramp.o(i.ramp_calc) for ramp_calc
    startup.o(i.init_setup) refers to bsp_io.o(i.write_led_io) for write_led_io
    startup.o(i.init_setup) refers to calibrate.o(i.read_cali_data) for read_cali_data
    startup.o(i.init_setup) refers to bsp_uart.o(i.uart_init) for uart_init
    startup.o(i.init_setup) refers to bsp_uart.o(i.uart_recv_callback_register) for uart_recv_callback_register
    startup.o(i.init_setup) refers to bsp_uart.o(i.uart_receive_start) for uart_receive_start
    startup.o(i.init_setup) refers to bsp_can.o(i.can_device_init) for can_device_init
    startup.o(i.init_setup) refers to bsp_can.o(i.can_recv_callback_register) for can_recv_callback_register
    startup.o(i.init_setup) refers to bsp_can.o(i.can_receive_start) for can_receive_start
    startup.o(i.init_setup) refers to uart_device.o(i.dbus_uart_callback) for dbus_uart_callback
    startup.o(i.init_setup) refers to uart_device.o(.bss) for dbus_recv
    startup.o(i.init_setup) refers to can_device.o(i.can1_recv_callback) for can1_recv_callback
    startup.o(i.sys_start_task) refers to rt_memcpy_w.o(.text) for __aeabi_memcpy4
    startup.o(i.sys_start_task) refers to cmsis_os.o(i.osThreadCreate) for osThreadCreate
    startup.o(i.sys_start_task) refers to startup.o(.constdata) for .constdata
    startup.o(i.sys_start_task) refers to freertos.o(.data) for task4_t
    startup.o(.constdata) refers to startup.o(.conststring) for .conststring
    startup.o(.constdata) refers to execute_task.o(i.execute_task) for execute_task
    gimbal_task.o(i.block_bullet_handle) refers to pid.o(.bss) for pid_trigger_speed
    gimbal_task.o(i.block_bullet_handle) refers to gimbal_task.o(.data) for stall_f
    gimbal_task.o(i.block_bullet_handle) refers to shoot_custom.o(.data) for trigger_moto_speed_ref
    gimbal_task.o(i.get_gimbal_information) refers to bsp_imu.o(i.get_imu_data) for get_imu_data
[...]
    __rt_entry_li                            0x08000253   Thumb Code     0  __rtentry2.o(.ARM.Collect$$rtentry$$0000000A)
    __rt_entry_postsh_1                      0x08000253   Thumb Code     0  __rtentry2.o(.ARM.Collect$$rtentry$$00000009)
    __rt_entry_main                          0x08000257   Thumb Code     0  __rtentry2.o(.ARM.Collect$$rtentry$$0000000D)
    __rt_entry_postli_1                      0x08000257   Thumb Code     0  __rtentry2.o(.ARM.Collect$$rtentry$$0000000C)
    __rt_exit                                0x0800025f   Thumb Code     0  rtexit.o(.ARM.Collect$$rtexit$$00000000)
    __rt_exit_ls                             0x08000261   Thumb Code     0  rtexit2.o(.ARM.Collect$$rtexit$$00000003)
    __rt_exit_prels_1                        0x08000261   Thumb Code     0  rtexit2.o(.ARM.Collect$$rtexit$$00000002)
    __rt_exit_exit                           0x08000265   Thumb Code     0  rtexit2.o(.ARM.Collect$$rtexit$$00000004)
    SVC_Handler                              0x0800026d   Thumb Code    28  port.o(.emb_text)
    __asm___6_port_c_39a90d8d__prvStartFirstTask 0x0800028d   Thumb Code    28  port.o(.emb_text)
    __asm___6_port_c_39a90d8d__prvEnableVFP  0x080002ad   Thumb Code    16  port.o(.emb_text)
    PendSV_Handler                           0x080002c1   Thumb Code    92  port.o(.emb_text)
    vPortGetIPSR                             0x08000321   Thumb Code     6  port.o(.emb_text)
    __aeabi_memcpy                           0x08000327   Thumb Code     0  rt_memcpy_v6.o(.text)
    __rt_memcpy                              0x08000327   Thumb Code   138  rt_memcpy_v6.o(.text)
    _memcpy_lastbytes                        0x0800038d   Thumb Code     0  rt_memcpy_v6.o(.text)
    __aeabi_memcpy4                          0x080003b1   Thumb Code     0  rt_memcpy_w.o(.text)
    __aeabi_memcpy8                          0x080003b1   Thumb Code     0  rt_memcpy_w.o(.text)
    __rt_memcpy_w                            0x080003b1   Thumb Code   100  rt_memcpy_w.o(.text)
    _memcpy_lastbytes_aligned                0x080003f9   Thumb Code     0  rt_memcpy_w.o(.text)
    __aeabi_memset                           0x08000415   Thumb Code    16  aeabi_memset.o(.text)
    __aeabi_memclr                           0x08000425   Thumb Code     0  rt_memclr.o(.text)
    __rt_memclr                              0x08000425   Thumb Code    68  rt_memclr.o(.text)
    _memset                                  0x08000429   Thumb Code     0  rt_memclr.o(.text)
    __read_errno                             0x08000469   Thumb Code    10  _rserrno.o(.text)
    __set_errno                              0x08000473   Thumb Code    12  _rserrno.o(.text)
    __aeabi_memclr4                          0x0800047f   Thumb Code     0  rt_memclr_w.o(.text)
    __aeabi_memclr8                          0x0800047f   Thumb Code     0  rt_memclr_w.o(.text)
    __rt_memclr_w                            0x0800047f   Thumb Code    78  rt_memclr_w.o(.text)
    _memset_w                                0x08000483   Thumb Code     0  rt_memclr_w.o(.text)
    __aeabi_errno_addr                       0x080004cd   Thumb Code     8  rt_errno_addr_intlibspace.o(.text)
    __errno$intlibspace                      0x080004cd   Thumb Code     0  rt_errno_addr_intlibspace.o(.text)
    __rt_errno_addr$intlibspace              0x080004cd   Thumb Code     0  rt_errno_addr_intlibspace.o(.text)
    __user_libspace                          0x080004d5   Thumb Code     8  libspace.o(.text)
    __user_perproc_libspace                  0x080004d5   Thumb Code     0  libspace.o(.text)
    __user_perthread_libspace                0x080004d5   Thumb Code     0  libspace.o(.text)
    __user_setup_stackheap                   0x080004dd   Thumb Code    74  sys_stackheap_outer.o(.text)
    exit                                     0x08000527   Thumb Code    18  exit.o(.text)
    Reset_Handler                            0x08000539   Thumb Code     8  startup_stm32f427xx.o(.text)
    ADC_IRQHandler                           0x08000553   Thumb Code     0  startup_stm32f427xx.o(.text)
    CAN1_RX1_IRQHandler                      0x08000553   Thumb Code     0  startup_stm32f427xx.o(.text)
    CAN1_SCE_IRQHandler                      0x08000553   Thumb Code     0  startup_stm32f427xx.o(.text)
    CAN2_RX1_IRQHandler                      0x08000553   Thumb Code     0  startup_stm32f427xx.o(.text)
    CAN2_SCE_IRQHandler                      0x08000553   Thumb Code     0  startup_stm32f427xx.o(.text)
    DCMI_IRQHandler                          0x08000553   Thumb Code     0  startup_stm32f427xx.o(.text)
    DMA1_Stream0_IRQHandler                  0x08000553   Thumb Code     0  startup_stm32f427xx.o(.text)
    DMA1_Stream2_IRQHandler                  0x08000553   Thumb Code     0  startup_stm32f427xx.o(.text)
    DMA1_Stream4_IRQHandler                  0x08000553   Thumb Code     0  startup_stm32f427xx.o(.text)
    DMA1_Stream5_IRQHandler                  0x08000553   Thumb Code     0  startup_stm32f427xx.o(.text)
    DMA1_Stream7_IRQHandler                  0x08000553   Thumb Code     0  startup_stm32f427xx.o(.text)
    DMA2D_IRQHandler                         0x08000553   Thumb Code     0  startup_stm32f427xx.o(.text)
    DMA2_Stream0_IRQHandler                  0x08000553   Thumb Code     0  startup_stm32f427xx.o(.text)
    DMA2_Stream3_IRQHandler                  0x08000553   Thumb Code     0  startup_stm32f427xx.o(.text)
    DMA2_Stream4_IRQHandler                  0x08000553   Thumb Code     0  startup_stm32f427xx.o(.text)
    DMA2_Stream5_IRQHandler                  0x08000553   Thumb Code     0  startup_stm32f427xx.o(.text)
    DMA2_Stream6_IRQHandler                  0x08000553   Thumb Code     0  startup_stm32f427xx.o(.text)
    DMA2_Stream7_IRQHandler                  0x08000553   Thumb Code     0  startup_stm32f427xx.o(.text)
    ETH_IRQHandler                           0x08000553   Thumb Code     0  startup_stm32f427xx.o(.text)
    ETH_WKUP_IRQHandler                      0x08000553   Thumb Code     0  startup_stm32f427xx.o(.text)
    EXTI0_IRQHandler                         0x08000553   Thumb Code     0  startup_stm32f427xx.o(.text)
    EXTI15_10_IRQHandler                     0x08000553   Thumb Code     0  startup_stm32f427xx.o(.text)
    EXTI1_IRQHandler                         0x08000553   Thumb Code     0  startup_stm32f427xx.o(.text)
    EXTI2_IRQHandler                         0x08000553   Thumb Code     0  startup_stm32f427xx.o(.text)
    EXTI3_IRQHandler                         0x08000553   Thumb Code     0  startup_stm32f427xx.o(.text)
    EXTI4_IRQHandler                         0x08000553   Thumb Code     0  startup_stm32f427xx.o(.text)
    EXTI9_5_IRQHandler                       0x08000553   Thumb Code     0  startup_stm32f427xx.o(.text)
    FLASH_IRQHandler                         0x08000553   Thumb Code     0  startup_stm32f427xx.o(.text)
    FMC_IRQHandler                           0x08000553   Thumb Code     0  startup_stm32f427xx.o(.text)
    FPU_IRQHandler                           0x08000553   Thumb Code     0  startup_stm32f427xx.o(.text)
    HASH_RNG_IRQHandler                      0x08000553   Thumb Code     0  startup_stm32f427xx.o(.text)
    I2C1_ER_IRQHandler                       0x08000553   Thumb Code     0  startup_stm32f427xx.o(.text)
    I2C1_EV_IRQHandler                       0x08000553   Thumb Code     0  startup_stm32f427xx.o(.text)
    I2C2_ER_IRQHandler                       0x08000553   Thumb Code     0  startup_stm32f427xx.o(.text)
    I2C2_EV_IRQHandler                       0x08000553   Thumb Code     0  startup_stm32f427xx.o(.text)
    I2C3_ER_IRQHandler                       0x08000553   Thumb Code     0  startup_stm32f427xx.o(.text)
    I2C3_EV_IRQHandler                       0x08000553   Thumb Code     0  startup_stm32f427xx.o(.text)
    OTG_FS_IRQHandler                        0x08000553   Thumb Code     0  startup_stm32f427xx.o(.text)
    OTG_FS_WKUP_IRQHandler                   0x08000553   Thumb Code     0  startup_stm32f427xx.o(.text)
    OTG_HS_EP1_IN_IRQHandler                 0x08000553   Thumb Code     0  startup_stm32f427xx.o(.text)
    OTG_HS_EP1_OUT_IRQHandler                0x08000553   Thumb Code     0  startup_stm32f427xx.o(.text)
    OTG_HS_IRQHandler                        0x08000553   Thumb Code     0  startup_stm32f427xx.o(.text)
    OTG_HS_WKUP_IRQHandler                   0x08000553   Thumb Code     0  startup_stm32f427xx.o(.text)
    PVD_IRQHandler                           0x08000553   Thumb Code     0  startup_stm32f427xx.o(.text)
    RCC_IRQHandler                           0x08000553   Thumb Code     0  startup_stm32f427xx.o(.text)
    RTC_Alarm_IRQHandler                     0x08000553   Thumb Code     0  startup_stm32f427xx.o(.text)
    RTC_WKUP_IRQHandler                      0x08000553   Thumb Code     0  startup_stm32f427xx.o(.text)
    SAI1_IRQHandler                          0x08000553   Thumb Code     0  startup_stm32f427xx.o(.text)
    SDIO_IRQHandler                          0x08000553   Thumb Code     0  startup_stm32f427xx.o(.text)
    SPI1_IRQHandler                          0x08000553   Thumb Code     0  startup_stm32f427xx.o(.text)
    SPI2_IRQHandler                          0x08000553   Thumb Code     0  startup_stm32f427xx.o(.text)
    SPI3_IRQHandler                          0x08000553   Thumb Code     0  startup_stm32f427xx.o(.text)
    SPI4_IRQHandler                          0x08000553   Thumb Code     0  startup_stm32f427xx.o(.text)
    SPI5_IRQHandler                          0x08000553   Thumb Code     0  startup_stm32f427xx.o(.text)
    SPI6_IRQHandler                          0x08000553   Thumb Code     0  startup_stm32f427xx.o(.text)
    TAMP_STAMP_IRQHandler                    0x08000553   Thumb Code     0  startup_stm32f427xx.o(.text)
    TIM1_BRK_TIM9_IRQHandler                 0x08000553   Thumb Code     0  startup_stm32f427xx.o(.text)
    TIM1_CC_IRQHandler                       0x08000553   Thumb Code     0  startup_stm32f427xx.o(.text)
    TIM1_TRG_COM_TIM11_IRQHandler            0x08000553   Thumb Code     0  startup_stm32f427xx.o(.text)
    TIM1_UP_TIM10_IRQHandler                 0x08000553   Thumb Code     0  startup_stm32f427xx.o(.text)
    TIM2_IRQHandler                          0x08000553   Thumb Code     0  startup_stm32f427xx.o(.text)
    TIM3_IRQHandler                          0x08000553   Thumb Code     0  startup_stm32f427xx.o(.text)
    TIM4_IRQHandler                          0x08000553   Thumb Code     0  startup_stm32f427xx.o(.text)
    TIM5_IRQHandler                          0x08000553   Thumb Code     0  startup_stm32f427xx.o(.text)
    TIM7_IRQHandler                          0x08000553   Thumb Code     0  startup_stm32f427xx.o(.text)
    TIM8_BRK_TIM12_IRQHandler                0x08000553   Thumb Code     0  startup_stm32f427xx.o(.text)
    TIM8_CC_IRQHandler                       0x08000553   Thumb Code     0  startup_stm32f427xx.o(.text)
    TIM8_TRG_COM_TIM14_IRQHandler            0x08000553   Thumb Code     0  startup_stm32f427xx.o(.text)
    TIM8_UP_TIM13_IRQHandler                 0x08000553   Thumb Code     0  startup_stm32f427xx.o(.text)
    UART4_IRQHandler                         0x08000553   Thumb Code     0  startup_stm32f427xx.o(.text)
    UART5_IRQHandler                         0x08000553   Thumb Code     0  startup_stm32f427xx.o(.text)
    USART2_IRQHandler                        0x08000553   Thumb Code     0  startup_stm32f427xx.o(.text)
    WWDG_IRQHandler                          0x08000553   Thumb Code     0  startup_stm32f427xx.o(.text)
    __user_initial_stackheap                 0x08000555   Thumb Code     0  startup_stm32f427xx.o(.text)
    __use_two_region_memory                  0x08000579   Thumb Code     2  heapauxi.o(.text)
    __rt_heap_escrow$2region                 0x0800057b   Thumb Code     2  heapauxi.o(.text)
    __rt_heap_expand$2region                 0x0800057d   Thumb Code     2  heapauxi.o(.text)
    _sys_exit                                0x08000581   Thumb Code     8  sys_exit.o(.text)
    __I$use$semihosting                      0x0800058d   Thumb Code     0  use_no_semi.o(.text)
    __use_no_semihosting_swi                 0x0800058d   Thumb Code     2  use_no_semi.o(.text)
    __semihosting_library_function           0x0800058f   Thumb Code     0  indicate_semi.o(.text)
    BusFault_Handler                         0x080006fd   Thumb Code     4  stm32f4xx_it.o(i.BusFault_Handler)
    CAN1_RX0_IRQHandler                      0x08000701   Thumb Code    10  stm32f4xx_it.o(i.CAN1_RX0_IRQHandler)
    CAN1_TX_IRQHandler                       0x08000711   Thumb Code    10  stm32f4xx_it.o(i.CAN1_TX_IRQHandler)
    CAN2_RX0_IRQHandler                      0x08000721   Thumb Code    10  stm32f4xx_it.o(i.CAN2_RX0_IRQHandler)
    CAN2_TX_IRQHandler                       0x08000731   Thumb Code    10  stm32f4xx_it.o(i.CAN2_TX_IRQHandler)
    DMA1_Stream1_IRQHandler                  0x08000965   Thumb Code    10  stm32f4xx_it.o(i.DMA1_Stream1_IRQHandler)
    DMA1_Stream3_IRQHandler                  0x08000975   Thumb Code    10  stm32f4xx_it.o(i.DMA1_Stream3_IRQHandler)
    DMA1_Stream6_IRQHandler                  0x08000985   Thumb Code    10  stm32f4xx_it.o(i.DMA1_Stream6_IRQHandler)
    DMA2_Stream1_IRQHandler                  0x08000995   Thumb Code    10  stm32f4xx_it.o(i.DMA2_Stream1_IRQHandler)
    DMA2_Stream2_IRQHandler                  0x080009a5   Thumb Code    10  stm32f4xx_it.o(i.DMA2_Stream2_IRQHandler)
    DebugMon_Handler                         0x08000abf   Thumb Code     2  stm32f4xx_it.o(i.DebugMon_Handler)
    HAL_ADC_ConfigChannel                    0x08000ac1   Thumb Code   384  stm32f4xx_hal_adc.o(i.HAL_ADC_ConfigChannel)
    HAL_ADC_Init                             0x08000c55   Thumb Code   100  stm32f4xx_hal_adc.o(i.HAL_ADC_Init)
    HAL_ADC_MspInit                          0x08000cbd   Thumb Code    70  adc.o(i.HAL_ADC_MspInit)
    HAL_CAN_ConfigFilter                     0x08000d11   Thumb Code   260  stm32f4xx_hal_can.o(i.HAL_CAN_ConfigFilter)
    HAL_CAN_ErrorCallback                    0x08000e19   Thumb Code     2  stm32f4xx_hal_can.o(i.HAL_CAN_ErrorCallback)
    HAL_CAN_IRQHandler                       0x08000e1d   Thumb Code   580  stm32f4xx_hal_can.o(i.HAL_CAN_IRQHandler)
    HAL_CAN_Init                             0x08001071   Thumb Code   444  stm32f4xx_hal_can.o(i.HAL_CAN_Init)
    HAL_CAN_MspInit                          0x0800122d   Thumb Code   282  can.o(i.HAL_CAN_MspInit)
    HAL_CAN_Receive_IT                       0x08001361   Thumb Code   268  stm32f4xx_hal_can.o(i.HAL_CAN_Receive_IT)
    HAL_CAN_RxCpltCallback                   0x0800146d   Thumb Code    92  bsp_can.o(i.HAL_CAN_RxCpltCallback)
    HAL_CAN_Transmit                         0x080014d5   Thumb Code   684  stm32f4xx_hal_can.o(i.HAL_CAN_Transmit)
    HAL_CAN_TxCpltCallback                   0x0800178d   Thumb Code     2  stm32f4xx_hal_can.o(i.HAL_CAN_TxCpltCallback)
    HAL_DMA_Abort_IT                         0x0800178f   Thumb Code    40  stm32f4xx_hal_dma.o(i.HAL_DMA_Abort_IT)
    HAL_DMA_IRQHandler                       0x080017b9   Thumb Code   574  stm32f4xx_hal_dma.o(i.HAL_DMA_IRQHandler)
    HAL_DMA_Init                             0x08001a01   Thumb Code   232  stm32f4xx_hal_dma.o(i.HAL_DMA_Init)
    HAL_DMA_Start                            0x08001aed   Thumb Code   102  stm32f4xx_hal_dma.o(i.HAL_DMA_Start)
    HAL_Delay                                0x08001b53   Thumb Code    30  stm32f4xx_hal.o(i.HAL_Delay)
    HAL_GPIO_Init                            0x08001b71   Thumb Code   486  stm32f4xx_hal_gpio.o(i.HAL_GPIO_Init)
    HAL_GPIO_WritePin                        0x08001d8d   Thumb Code    12  stm32f4xx_hal_gpio.o(i.HAL_GPIO_WritePin)
    HAL_GetTick                              0x08001d99   Thumb Code     6  stm32f4xx_hal.o(i.HAL_GetTick)
    HAL_IncTick                              0x08001da5   Thumb Code    12  stm32f4xx_hal.o(i.HAL_IncTick)
    HAL_Init                                 0x08001db5   Thumb Code    54  stm32f4xx_hal.o(i.HAL_Init)
    HAL_InitTick                             0x08001df1   Thumb Code   122  stm32f4xx_hal_timebase_tim.o(i.HAL_InitTick)
    HAL_MspInit                              0x08001e7d   Thumb Code     2  stm32f4xx_hal.o(i.HAL_MspInit)
    HAL_NVIC_EnableIRQ                       0x08001e7f   Thumb Code    26  stm32f4xx_hal_cortex.o(i.HAL_NVIC_EnableIRQ)
    HAL_NVIC_SetPriority                     0x08001e99   Thumb Code   124  stm32f4xx_hal_cortex.o(i.HAL_NVIC_SetPriority)
    HAL_NVIC_SetPriorityGrouping             0x08001f15   Thumb Code    32  stm32f4xx_hal_cortex.o(i.HAL_NVIC_SetPriorityGrouping)
    HAL_PWREx_EnableOverDrive                0x08001f3d   Thumb Code   152  stm32f4xx_hal_pwr_ex.o(i.HAL_PWREx_EnableOverDrive)
    HAL_RCCEx_PeriphCLKConfig                0x08001fe1   Thumb Code   856  stm32f4xx_hal_rcc_ex.o(i.HAL_RCCEx_PeriphCLKConfig)
    HAL_RCC_ClockConfig                      0x08002351   Thumb Code   446  stm32f4xx_hal_rcc.o(i.HAL_RCC_ClockConfig)
    HAL_RCC_GetClockConfig                   0x08002521   Thumb Code    58  stm32f4xx_hal_rcc.o(i.HAL_RCC_GetClockConfig)
    HAL_RCC_GetHCLKFreq                      0x08002565   Thumb Code     6  stm32f4xx_hal_rcc.o(i.HAL_RCC_GetHCLKFreq)
    HAL_RCC_GetPCLK1Freq                     0x08002571   Thumb Code    36  stm32f4xx_hal_rcc.o(i.HAL_RCC_GetPCLK1Freq)
    HAL_RCC_GetPCLK2Freq                     0x0800259d   Thumb Code    36  stm32f4xx_hal_rcc.o(i.HAL_RCC_GetPCLK2Freq)
    HAL_RCC_GetSysClockFreq                  0x080025c9   Thumb Code   168  stm32f4xx_hal_rcc.o(i.HAL_RCC_GetSysClockFreq)
    HAL_RCC_OscConfig                        0x0800267d   Thumb Code  1090  stm32f4xx_hal_rcc.o(i.HAL_RCC_OscConfig)
    HAL_RTCEx_BKUPRead                       0x08002ac9   Thumb Code    18  stm32f4xx_hal_rtc_ex.o(i.HAL_RTCEx_BKUPRead)
    HAL_RTCEx_BKUPWrite                      0x08002adb   Thumb Code    18  stm32f4xx_hal_rtc_ex.o(i.HAL_RTCEx_BKUPWrite)
    HAL_RTCEx_SetWakeUpTimer                 0x08002aed   Thumb Code   254  stm32f4xx_hal_rtc_ex.o(i.HAL_RTCEx_SetWakeUpTimer)
    HAL_RTC_Init                             0x08002bed   Thumb Code   176  stm32f4xx_hal_rtc.o(i.HAL_RTC_Init)
    HAL_RTC_MspInit                          0x08002ca1   Thumb Code    16  rtc.o(i.HAL_RTC_MspInit)
    HAL_RTC_SetDate                          0x08002cb9   Thumb Code   270  stm32f4xx_hal_rtc.o(i.HAL_RTC_SetDate)
    HAL_RTC_SetTime                          0x08002dcd   Thumb Code   304  stm32f4xx_hal_rtc.o(i.HAL_RTC_SetTime)
    HAL_RTC_WaitForSynchro                   0x08002f01   Thumb Code    58  stm32f4xx_hal_rtc.o(i.HAL_RTC_WaitForSynchro)
    HAL_SPI_Init                             0x08002f3b   Thumb Code   140  stm32f4xx_hal_spi.o(i.HAL_SPI_Init)
    HAL_SPI_MspInit                          0x08002fc9   Thumb Code    80  spi.o(i.HAL_SPI_MspInit)
    HAL_SPI_TransmitReceive                  0x08003025   Thumb Code   542  stm32f4xx_hal_spi.o(i.HAL_SPI_TransmitReceive)
    HAL_SYSTICK_CLKSourceConfig              0x08003243   Thumb Code    40  stm32f4xx_hal_cortex.o(i.HAL_SYSTICK_CLKSourceConfig)
    HAL_SYSTICK_Config                       0x0800326b   Thumb Code    52  stm32f4xx_hal_cortex.o(i.HAL_SYSTICK_Config)
    HAL_TIMEx_BreakCallback                  0x0800329f   Thumb Code     2  stm32f4xx_hal_tim_ex.o(i.HAL_TIMEx_BreakCallback)
    HAL_TIMEx_CommutationCallback            0x080032a1   Thumb Code     2  stm32f4xx_hal_tim_ex.o(i.HAL_TIMEx_CommutationCallback)
    HAL_TIMEx_ConfigBreakDeadTime            0x080032a3   Thumb Code   126  stm32f4xx_hal_tim_ex.o(i.HAL_TIMEx_ConfigBreakDeadTime)
    HAL_TIMEx_MasterConfigSynchronization    0x08003321   Thumb Code    98  stm32f4xx_hal_tim_ex.o(i.HAL_TIMEx_MasterConfigSynchronization)
    HAL_TIM_Base_Init                        0x08003383   Thumb Code    52  stm32f4xx_hal_tim.o(i.HAL_TIM_Base_Init)
    HAL_TIM_Base_MspInit                     0x080033b7   Thumb Code     2  stm32f4xx_hal_tim.o(i.HAL_TIM_Base_MspInit)
    HAL_TIM_Base_Start_IT                    0x080033b9   Thumb Code    30  stm32f4xx_hal_tim.o(i.HAL_TIM_Base_Start_IT)
    HAL_TIM_IC_CaptureCallback               0x080033d7   Thumb Code     2  stm32f4xx_hal_tim.o(i.HAL_TIM_IC_CaptureCallback)
    HAL_TIM_IRQHandler                       0x080033d9   Thumb Code   406  stm32f4xx_hal_tim.o(i.HAL_TIM_IRQHandler)
    HAL_TIM_MspPostInit                      0x08003571   Thumb Code   254  tim.o(i.HAL_TIM_MspPostInit)
    HAL_TIM_OC_DelayElapsedCallback          0x08003699   Thumb Code     2  stm32f4xx_hal_tim.o(i.HAL_TIM_OC_DelayElapsedCallback)
    HAL_TIM_PWM_ConfigChannel                0x0800369b   Thumb Code   264  stm32f4xx_hal_tim.o(i.HAL_TIM_PWM_ConfigChannel)
    HAL_TIM_PWM_Init                         0x080037a3   Thumb Code    52  stm32f4xx_hal_tim.o(i.HAL_TIM_PWM_Init)
    HAL_TIM_PWM_MspInit                      0x080037d9   Thumb Code   248  tim.o(i.HAL_TIM_PWM_MspInit)
    HAL_TIM_PWM_PulseFinishedCallback        0x080038e9   Thumb Code     2  stm32f4xx_hal_tim.o(i.HAL_TIM_PWM_PulseFinishedCallback)
    HAL_TIM_PWM_Start                        0x080038ed   Thumb Code    68  stm32f4xx_hal_tim.o(i.HAL_TIM_PWM_Start)
    HAL_TIM_PeriodElapsedCallback            0x08003939   Thumb Code    18  main.o(i.HAL_TIM_PeriodElapsedCallback)
    HAL_TIM_TriggerCallback                  0x08003951   Thumb Code     2  stm32f4xx_hal_tim.o(i.HAL_TIM_TriggerCallback)
    HAL_UART_ErrorCallback                   0x08003953   Thumb Code     2  stm32f4xx_hal_uart.o(i.HAL_UART_ErrorCallback)
    HAL_UART_IRQHandler                      0x08003955   Thumb Code   326  stm32f4xx_hal_uart.o(i.HAL_UART_IRQHandler)
    HAL_UART_Init                            0x08003aa1   Thumb Code   114  stm32f4xx_hal_uart.o(i.HAL_UART_Init)
    HAL_UART_MspInit                         0x08003b15   Thumb Code   770  usart.o(i.HAL_UART_MspInit)
    HAL_UART_RxCpltCallback                  0x08003e6d   Thumb Code     2  stm32f4xx_hal_uart.o(i.HAL_UART_RxCpltCallback)
    HAL_UART_TxCpltCallback                  0x08003e6f   Thumb Code     2  stm32f4xx_hal_uart.o(i.HAL_UART_TxCpltCallback)
    HardFault_Handler                        0x08003e71   Thumb Code     4  stm32f4xx_it.o(i.HardFault_Handler)
    MX_ADC1_Init                             0x08003e75   Thumb Code    94  adc.o(i.MX_ADC1_Init)
    MX_CAN1_Init                             0x08003ef1   Thumb Code    64  can.o(i.MX_CAN1_Init)
    MX_CAN2_Init                             0x08003f49   Thumb Code    68  can.o(i.MX_CAN2_Init)
    MX_DMA_Init                              0x08003fa5   Thumb Code   146  dma.o(i.MX_DMA_Init)
    MX_FREERTOS_Init                         0x0800403d   Thumb Code    58  freertos.o(i.MX_FREERTOS_Init)
    MX_GPIO_Init                             0x08004085   Thumb Code   648  gpio.o(i.MX_GPIO_Init)
    MX_RTC_Init                              0x08004339   Thumb Code   184  rtc.o(i.MX_RTC_Init)
    MX_SPI5_Init                             0x08004409   Thumb Code    62  spi.o(i.MX_SPI5_Init)
    MX_TIM12_Init                            0x08004461   Thumb Code    84  tim.o(i.MX_TIM12_Init)
    MX_TIM2_Init                             0x080044cd   Thumb Code   176  tim.o(i.MX_TIM2_Init)
    MX_TIM3_Init                             0x08004591   Thumb Code   134  tim.o(i.MX_TIM3_Init)
    MX_TIM4_Init                             0x08004631   Thumb Code   174  tim.o(i.MX_TIM4_Init)
    MX_TIM5_Init                             0x080046f9   Thumb Code   174  tim.o(i.MX_TIM5_Init)
    MX_TIM8_Init                             0x080047c1   Thumb Code   236  tim.o(i.MX_TIM8_Init)
    MX_UART7_Init                            0x080048c5   Thumb Code    50  usart.o(i.MX_UART7_Init)
    MX_UART8_Init                            0x08004911   Thumb Code    50  usart.o(i.MX_UART8_Init)
    MX_USART1_UART_Init                      0x0800495d   Thumb Code    52  usart.o(i.MX_USART1_UART_Init)
    MX_USART3_UART_Init                      0x080049ad   Thumb Code    50  usart.o(i.MX_USART3_UART_Init)
    MX_USART6_UART_Init                      0x080049f9   Thumb Code    50  usart.o(i.MX_USART6_UART_Init)
    MemManage_Handler                        0x08004a45   Thumb Code     4  stm32f4xx_it.o(i.MemManage_Handler)
    NMI_Handler                              0x08004a49   Thumb Code     2  stm32f4xx_it.o(i.NMI_Handler)
    RTC_Bcd2ToByte                           0x08004a85   Thumb Code    22  stm32f4xx_hal_rtc.o(i.RTC_Bcd2ToByte)
    RTC_ByteToBcd2                           0x08004a9b   Thumb Code    26  stm32f4xx_hal_rtc.o(i.RTC_ByteToBcd2)
    RTC_EnterInitMode                        0x08004ab5   Thumb Code    62  stm32f4xx_hal_rtc.o(i.RTC_EnterInitMode)
    StartDefaultTask                         0x08004bc5   Thumb Code    10  freertos.o(i.StartDefaultTask)
    SysTick_Handler                          0x08004bcf   Thumb Code     8  stm32f4xx_it.o(i.SysTick_Handler)
    SystemClock_Config                       0x08004bd9   Thumb Code   240  main.o(i.SystemClock_Config)
    SystemInit                               0x08004ce1   Thumb Code    82  system_stm32f4xx.o(i.SystemInit)
    TIM6_DAC_IRQHandler                      0x08004d45   Thumb Code    10  stm32f4xx_it.o(i.TIM6_DAC_IRQHandler)
    TIM_Base_SetConfig                       0x08004d55   Thumb Code   184  stm32f4xx_hal_tim.o(i.TIM_Base_SetConfig)
    TIM_CCxChannelCmd                        0x08004e39   Thumb Code    28  stm32f4xx_hal_tim.o(i.TIM_CCxChannelCmd)
    TIM_OC2_SetConfig                        0x08004ec5   Thumb Code   112  stm32f4xx_hal_tim.o(i.TIM_OC2_SetConfig)
    UART7_IRQHandler                         0x08005015   Thumb Code    16  stm32f4xx_it.o(i.UART7_IRQHandler)
    UART8_IRQHandler                         0x08005029   Thumb Code    16  stm32f4xx_it.o(i.UART8_IRQHandler)
    USART1_IRQHandler                        0x080054fd   Thumb Code    16  stm32f4xx_it.o(i.USART1_IRQHandler)
    USART3_IRQHandler                        0x08005511   Thumb Code    16  stm32f4xx_it.o(i.USART3_IRQHandler)
    USART6_IRQHandler                        0x08005525   Thumb Code    16  stm32f4xx_it.o(i.USART6_IRQHandler)
    UsageFault_Handler                       0x08005539   Thumb Code     4  stm32f4xx_it.o(i.UsageFault_Handler)
    _Error_Handler                           0x0800553d   Thumb Code     4  main.o(i._Error_Handler)
    __ARM_fpclassify                         0x08005541   Thumb Code    48  fpclassify.o(i.__ARM_fpclassify)
    __hardfp_asin                            0x08005571   Thumb Code   770  asin.o(i.__hardfp_asin)
    __hardfp_atan                            0x080058d1   Thumb Code   622  atan.o(i.__hardfp_atan)
    __hardfp_atan2                           0x08005ba9   Thumb Code   432  atan2.o(i.__hardfp_atan2)
    __hardfp_sqrt                            0x08005d99   Thumb Code   122  sqrt.o(i.__hardfp_sqrt)
    __kernel_poly                            0x08005e13   Thumb Code   248  poly.o(i.__kernel_poly)
    __mathlib_dbl_infnan                     0x08005f0b   Thumb Code    20  dunder.o(i.__mathlib_dbl_infnan)
    __mathlib_dbl_infnan2                    0x08005f1f   Thumb Code    20  dunder.o(i.__mathlib_dbl_infnan2)
    __mathlib_dbl_invalid                    0x08005f39   Thumb Code    24  dunder.o(i.__mathlib_dbl_invalid)
    __mathlib_dbl_underflow                  0x08005f59   Thumb Code    24  dunder.o(i.__mathlib_dbl_underflow)
    atan                                     0x08005fa7   Thumb Code    16  atan.o(i.atan)
    can1_recv_callback                       0x08005fb9   Thumb Code   338  can_device.o(i.can1_recv_callback)
    can_device_init                          0x08006121   Thumb Code    78  bsp_can.o(i.can_device_init)
    can_receive_start                        0x08006189   Thumb Code    20  bsp_can.o(i.can_receive_start)
    can_recv_callback_register               0x080061a5   Thumb Code    20  bsp_can.o(i.can_recv_callback_register)
    dbus_uart_callback                       0x080061bd   Thumb Code    18  uart_device.o(i.dbus_uart_callback)
    digital_tube_init                        0x080061d9   Thumb Code    38  bsp_io.o(i.digital_tube_init)
    err_detector_hook                        0x0800638d   Thumb Code    36  detect_task.o(i.err_detector_hook)
    execute_task                             0x080063b5   Thumb Code    40  execute_task.o(i.execute_task)
    fabs                                     0x080063e5   Thumb Code    24  fabs.o(i.fabs)
    imu_AHRS_update                          0x0800640d   Thumb Code  1938  bsp_imu.o(i.imu_AHRS_update)
    imu_attitude_update                      0x08006bed   Thumb Code   770  bsp_imu.o(i.imu_attitude_update)
    imu_task                                 0x08006f31   Thumb Code    44  bsp_imu.o(i.imu_task)
    init_setup                               0x08006f65   Thumb Code   138  startup.o(i.init_setup)
    invSqrt                                  0x08007001   Thumb Code    56  bsp_imu.o(i.invSqrt)
    ist8310_init                             0x0800703d   Thumb Code   256  bsp_imu.o(i.ist8310_init)
    main                                     0x080071b9   Thumb Code   162  main.o(i.main)
    mpu_device_init                          0x08007279   Thumb Code    94  bsp_imu.o(i.mpu_device_init)
    osDelay                                  0x08007795   Thumb Code    24  cmsis_os.o(i.osDelay)
    osKernelStart                            0x080077ad   Thumb Code    10  cmsis_os.o(i.osKernelStart)
    osSystickHandler                         0x080077b7   Thumb Code    16  cmsis_os.o(i.osSystickHandler)
    osThreadCreate                           0x080077c7   Thumb Code    48  cmsis_os.o(i.osThreadCreate)
    pid_calc                                 0x080077f7   Thumb Code   174  pid.o(i.pid_calc)
    pid_init                                 0x080078a5   Thumb Code    18  pid.o(i.pid_init)
    pvPortMalloc                             0x08007d19   Thumb Code   296  heap_4.o(i.pvPortMalloc)
    pxPortInitialiseStack                    0x08007e55   Thumb Code    38  port.o(i.pxPortInitialiseStack)
    read_cali_data                           0x08007e81   Thumb Code    12  calibrate.o(i.read_cali_data)
    read_flash                               0x08007e91   Thumb Code    18  bsp_flash.o(i.read_flash)
    refresh_digital_tube                     0x08007ea9   Thumb Code   316  bsp_io.o(i.refresh_digital_tube)
    set_digital_io_dir                       0x08008165   Thumb Code   370  bsp_io.o(i.set_digital_io_dir)
    set_pwm_group_param                      0x080082e9   Thumb Code    50  bsp_io.o(i.set_pwm_group_param)
    set_pwm_param                            0x08008329   Thumb Code   154  bsp_io.o(i.set_pwm_param)
    set_test_motor_current                   0x080083d1   Thumb Code    44  can_device.o(i.set_test_motor_current)
    sqrt                                     0x08008401   Thumb Code   110  sqrt.o(i.sqrt)
    start_pwm_output                         0x08008471   Thumb Code   196  bsp_io.o(i.start_pwm_output)
    sys_start_task                           0x08008545   Thumb Code    30  startup.o(i.sys_start_task)
    test_moto_control                        0x0800856d   Thumb Code   158  test_custom.o(i.test_moto_control)
    test_moto_init                           0x0800862d   Thumb Code    28  test_custom.o(i.test_moto_init)
    uart_init                                0x08008651   Thumb Code   236  bsp_uart.o(i.uart_init)
    uart_receive_start                       0x080087c1   Thumb Code    98  bsp_uart.o(i.uart_receive_start)
    uart_recv_callback_register              0x08008839   Thumb Code    50  bsp_uart.o(i.uart_recv_callback_register)
    uart_recv_interrupt_callback             0x08008871   Thumb Code  1084  bsp_uart.o(i.uart_recv_interrupt_callback)
    uxListRemove                             0x08008cad   Thumb Code    40  list.o(i.uxListRemove)
    vApplicationStackOverflowHook            0x08008cd5   Thumb Code     4  freertos.o(i.vApplicationStackOverflowHook)
    vListInitialise                          0x08008cd9   Thumb Code    26  list.o(i.vListInitialise)
    vListInitialiseItem                      0x08008cf3   Thumb Code     6  list.o(i.vListInitialiseItem)
    vListInsert                              0x08008cf9   Thumb Code    52  list.o(i.vListInsert)
    vListInsertEnd                           0x08008d2d   Thumb Code    24  list.o(i.vListInsertEnd)
    vPortEnterCritical                       0x08008d45   Thumb Code    76  port.o(i.vPortEnterCritical)
    vPortExitCritical                        0x08008d99   Thumb Code    56  port.o(i.vPortExitCritical)
    vPortFree                                0x08008dd5   Thumb Code   140  heap_4.o(i.vPortFree)
    vPortSetupTimerInterrupt                 0x08008e69   Thumb Code    26  port.o(i.vPortSetupTimerInterrupt)
    vTaskDelay                               0x08008e89   Thumb Code    82  tasks.o(i.vTaskDelay)
    vTaskStartScheduler                      0x08008ee5   Thumb Code   108  tasks.o(i.vTaskStartScheduler)
    vTaskSuspendAll                          0x08008f6d   Thumb Code    12  tasks.o(i.vTaskSuspendAll)
    vTaskSwitchContext                       0x08008f7d   Thumb Code   148  tasks.o(i.vTaskSwitchContext)
    write_can                                0x08009025   Thumb Code   220  bsp_can.o(i.write_can)
    write_digital_io                         0x08009109   Thumb Code   158  bsp_io.o(i.write_digital_io)
    write_led_io                             0x080091b9   Thumb Code   206  bsp_io.o(i.write_led_io)
    xPortStartScheduler                      0x08009295   Thumb Code   288  port.o(i.xPortStartScheduler)
    xPortSysTickHandler                      0x080093d1   Thumb Code    46  port.o(i.xPortSysTickHandler)
    xTaskCreate                              0x08009405   Thumb Code    96  tasks.o(i.xTaskCreate)
    xTaskGetSchedulerState                   0x08009465   Thumb Code    24  tasks.o(i.xTaskGetSchedulerState)
    xTaskIncrementTick                       0x08009485   Thumb Code   282  tasks.o(i.xTaskIncrementTick)
    xTaskResumeAll                           0x080095cd   Thumb Code   224  tasks.o(i.xTaskResumeAll)
    __aeabi_dneg                             0x080096d1   Thumb Code     0  basic.o(x$fpl$basic)
    _dneg                                    0x080096d1   Thumb Code     6  basic.o(x$fpl$basic)
    __aeabi_fneg                             0x080096d7   Thumb Code     0  basic.o(x$fpl$basic)
    _fneg                                    0x080096d7   Thumb Code     6  basic.o(x$fpl$basic)
    _dabs                                    0x080096dd   Thumb Code     6  basic.o(x$fpl$basic)
    _fabs                                    0x080096e3   Thumb Code     6  basic.o(x$fpl$basic)
    __aeabi_d2f                              0x080096e9   Thumb Code     0  d2f.o(x$fpl$d2f)
    _d2f                                     0x080096e9   Thumb Code    98  d2f.o(x$fpl$d2f)
    __aeabi_dadd                             0x0800974d   Thumb Code     0  daddsub_clz.o(x$fpl$dadd)
    _dadd                                    0x0800974d   Thumb Code   332  daddsub_clz.o(x$fpl$dadd)
    __aeabi_ddiv                             0x0800989d   Thumb Code     0  ddiv.o(x$fpl$ddiv)
    _ddiv                                    0x0800989d   Thumb Code   552  ddiv.o(x$fpl$ddiv)
    __aeabi_dmul                             0x08009b4d   Thumb Code     0  dmul.o(x$fpl$dmul)
    _dmul                                    0x08009b4d   Thumb Code   332  dmul.o(x$fpl$dmul)
    __fpl_dnaninf                            0x08009ca1   Thumb Code   156  dnaninf.o(x$fpl$dnaninf)
    __fpl_dretinf                            0x08009d3d   Thumb Code    12  dretinf.o(x$fpl$dretinf)
    __aeabi_drsub                            0x08009d49   Thumb Code     0  daddsub_clz.o(x$fpl$drsb)
    _drsb                                    0x08009d49   Thumb Code    22  daddsub_clz.o(x$fpl$drsb)
    _dsqrt                                   0x08009d61   Thumb Code   404  dsqrt_umaal.o(x$fpl$dsqrt)
    __aeabi_dsub                             0x08009ef9   Thumb Code     0  daddsub_clz.o(x$fpl$dsub)
    _dsub                                    0x08009ef9   Thumb Code   464  daddsub_clz.o(x$fpl$dsub)
    __aeabi_f2d                              0x0800a0cd   Thumb Code     0  f2d.o(x$fpl$f2d)
    _f2d                                     0x0800a0cd   Thumb Code    86  f2d.o(x$fpl$f2d)
    __fpl_fnaninf                            0x0800a123   Thumb Code   140  fnaninf.o(x$fpl$fnaninf)
    _fp_init                                 0x0800a1af   Thumb Code    10  fpinit.o(x$fpl$fpinit)
    __fplib_config_fpu_vfp                   0x0800a1b7   Thumb Code     0  fpinit.o(x$fpl$fpinit)
    __fplib_config_pureend_doubles           0x0800a1b7   Thumb Code     0  fpinit.o(x$fpl$fpinit)
    __fpl_fretinf                            0x0800a1b9   Thumb Code    10  fretinf.o(x$fpl$fretinf)
    __I$use$fp                               0x0800a1c2   Number         0  usenofp.o(x$fpl$usenofp)
    AHBPrescTable                            0x0800a216   Data          16  system_stm32f4xx.o(.constdata)
    APBPrescTable                            0x0800a226   Data           8  system_stm32f4xx.o(.constdata)
    __mathlib_zero                           0x0800a318   Data           8  qnan.o(.constdata)
    Region$$Table$$Base                      0x0800a33c   Number         0  anon$$obj.o(Region$$Table)
    Region$$Table$$Limit                     0x0800a35c   Number         0  anon$$obj.o(Region$$Table)
    test_moto_speed                          0x20000028   Data           2  test_custom.o(.data)
    test_moto_current                        0x2000002a   Data           2  test_custom.o(.data)
    test_servo                               0x2000002c   Data           1  test_custom.o(.data)
    key1                                     0x2000002d   Data           1  test_custom.o(.data)
    uwTick                                   0x20000030   Data           4  stm32f4xx_hal.o(.data)
    defaultTaskHandle                        0x20000038   Data           4  freertos.o(.data)
    task1_t                                  0x2000003c   Data           4  freertos.o(.data)
    task2_t                                  0x20000040   Data           4  freertos.o(.data)
    task3_t                                  0x20000044   Data           4  freertos.o(.data)
    task4_t                                  0x20000048   Data           4  freertos.o(.data)
    task5_t                                  0x2000004c   Data           4  freertos.o(.data)
    task_imu_t                               0x20000050   Data           4  freertos.o(.data)
    mpu_id                                   0x2000005e   Data           1  bsp_imu.o(.data)
    halfT                                    0x200000a8   Data           4  bsp_imu.o(.data)
    Kp                                       0x200000ac   Data           4  bsp_imu.o(.data)
    Ki                                       0x200000b0   Data           4  bsp_imu.o(.data)
    this_x                                   0x200000b4   Data           4  bsp_imu.o(.data)
    this_y                                   0x200000b8   Data           4  bsp_imu.o(.data)
    this_z                                   0x200000bc   Data           4  bsp_imu.o(.data)
    last_x                                   0x200000c0   Data           4  bsp_imu.o(.data)
    last_y                                   0x200000c4   Data           4  bsp_imu.o(.data)
    last_z                                   0x200000c8   Data           4  bsp_imu.o(.data)
    x_cnt                                    0x200000cc   Data           2  bsp_imu.o(.data)
    y_cnt                                    0x200000ce   Data           2  bsp_imu.o(.data)
    z_cnt                                    0x200000d0   Data           2  bsp_imu.o(.data)
    this_y_int                               0x200000d4   Data           4  bsp_imu.o(.data)
    imu_time_last                            0x200000d8   Data           4  bsp_imu.o(.data)
    imu_time_ms                              0x200000dc   Data           4  bsp_imu.o(.data)
    SystemCoreClock                          0x200000e0   Data           4  system_stm32f4xx.o(.data)
    pxCurrentTCB                             0x200000fc   Data           4  tasks.o(.data)
    moto_pit                                 0x20000144   Data          60  can_device.o(.bss)
    moto_yaw                                 0x20000180   Data          60  can_device.o(.bss)
    moto_trigger                             0x200001bc   Data          60  can_device.o(.bss)
    moto_chassis                             0x200001f8   Data         240  can_device.o(.bss)
    moto_test                                0x200002e8   Data          60  can_device.o(.bss)
    rc                                       0x20000324   Data          20  uart_device.o(.bss)
    dbus_recv                                0x20000338   Data          18  uart_device.o(.bss)
    glb_cali_data                            0x2000034a   Data          11  calibrate.o(.bss)
    pid_pit                                  0x20000358   Data          52  pid.o(.bss)
    pid_yaw                                  0x2000038c   Data          52  pid.o(.bss)
    pid_yaw_speed                            0x200003c0   Data          52  pid.o(.bss)
    pid_pit_speed                            0x200003f4   Data          52  pid.o(.bss)
    pid_wheel_spd                            0x20000428   Data         208  pid.o(.bss)
    pid_chassis_angle                        0x200004f8   Data          52  pid.o(.bss)
    pid_trigger                              0x2000052c   Data          52  pid.o(.bss)
    pid_trigger_speed                        0x20000560   Data          52  pid.o(.bss)
    pid_test_moto                            0x20000594   Data          52  pid.o(.bss)
    glb_err                                  0x200005c8   Data          86  detect_task.o(.bss)
    hcan1                                    0x20000620   Data          68  can.o(.bss)
    hcan2                                    0x20000664   Data          68  can.o(.bss)
    huart7                                   0x200006a8   Data          64  usart.o(.bss)
    huart8                                   0x200006e8   Data          64  usart.o(.bss)
    huart1                                   0x20000728   Data          64  usart.o(.bss)
    huart3                                   0x20000768   Data          64  usart.o(.bss)
    huart6                                   0x200007a8   Data          64  usart.o(.bss)
    hdma_uart7_rx                            0x200007e8   Data          96  usart.o(.bss)
    hdma_uart8_rx                            0x20000848   Data          96  usart.o(.bss)
    hdma_usart1_rx                           0x200008a8   Data          96  usart.o(.bss)
    hdma_usart3_rx                           0x20000908   Data          96  usart.o(.bss)
    hdma_usart6_rx                           0x20000968   Data          96  usart.o(.bss)
    htim6                                    0x200009c8   Data          60  stm32f4xx_hal_timebase_tim.o(.bss)
    htim2                                    0x20004804   Data          60  tim.o(.bss)
    htim3                                    0x20004840   Data          60  tim.o(.bss)
    htim4                                    0x2000487c   Data          60  tim.o(.bss)
    htim5                                    0x200048b8   Data          60  tim.o(.bss)
    htim8                                    0x200048f4   Data          60  tim.o(.bss)
    htim12                                   0x20004930   Data          60  tim.o(.bss)
    hspi5                                    0x2000496c   Data          88  spi.o(.bss)
    hadc1                                    0x200049c4   Data          72  adc.o(.bss)
    hrtc                                     0x20004a0c   Data          32  rtc.o(.bss)
    __libspace_start                         0x20004a2c   Data          96  libspace.o(.bss)
    __temporary_stack_top$libspace           0x20004a8c   Data           0  libspace.o(.bss)



==============================================================================

Memory Map of the image

  Image Entry point : 0x080001ad

  Load Region LR_IROM1 (Base: 0x08000000, Size: 0x0000a4a0, Max: 0x00200000, ABSOLUTE, COMPRESSED[0x0000a374])

    Execution Region ER_IROM1 (Base: 0x08000000, Size: 0x0000a35c, Max: 0x00200000, ABSOLUTE)

    Base Addr    Size         Type   Attr      Idx    E Section Name        Object

    0x08000000   0x000001ac   Data   RO         6894    RESET               rm_infantry1_3.lib(startup_stm32f427xx.o)
    0x080001ac   0x00000008   Code   RO         6706  * !!!main             c_w.l(__main.o)
    0x080001b4   0x00000034   Code   RO         7029    !!!scatter          c_w.l(__scatter.o)
    0x080001e8   0x0000003a   Code   RO         7027    !!dczerorl          c_w.l(__dczerorl.o)
    0x08000222   0x00000002   PAD
    0x08000224   0x0000001c   Code   RO         7031    !!handler_zi        c_w.l(__scatter_zi.o)
    0x08000240   0x00000002   Code   RO         6891    .ARM.Collect$$libinit$$00000000  c_w.l(libinit.o)
    0x08000242   0x00000004   Code   RO         6901    .ARM.Collect$$libinit$$00000001  c_w.l(libinit2.o)
    0x08000246   0x00000000   Code   RO         6904    .ARM.Collect$$libinit$$00000004  c_w.l(libinit2.o)
    0x08000246   0x00000000   Code   RO         6907    .ARM.Collect$$libinit$$0000000A  c_w.l(libinit2.o)
    0x08000246   0x00000000   Code   RO         6909    .ARM.Collect$$libinit$$0000000C  c_w.l(libinit2.o)
    0x08000246   0x00000000   Code   RO         6911    .ARM.Collect$$libinit$$0000000E  c_w.l(libinit2.o)
    0x08000246   0x00000000   Code   RO         6914    .ARM.Collect$$libinit$$00000011  c_w.l(libinit2.o)
    0x08000246   0x00000000   Code   RO         6916    .ARM.Collect$$libinit$$00000013  c_w.l(libinit2.o)
    0x08000246   0x00000000   Code   RO         6918    .ARM.Collect$$libinit$$00000015  c_w.l(libinit2.o)
    0x08000246   0x00000000   Code   RO         6920    .ARM.Collect$$libinit$$00000017  c_w.l(libinit2.o)
    0x08000246   0x00000000   Code   RO         6922    .ARM.Collect$$libinit$$00000019  c_w.l(libinit2.o)
    0x08000246   0x00000000   Code   RO         6924    .ARM.Collect$$libinit$$0000001B  c_w.l(libinit2.o)
    0x08000246   0x00000000   Code   RO         6926    .ARM.Collect$$libinit$$0000001D  c_w.l(libinit2.o)
    0x08000246   0x00000000   Code   RO         6928    .ARM.Collect$$libinit$$0000001F  c_w.l(libinit2.o)
    0x08000246   0x00000000   Code   RO         6930    .ARM.Collect$$libinit$$00000021  c_w.l(libinit2.o)
    0x08000246   0x00000000   Code   RO         6932    .ARM.Collect$$libinit$$00000023  c_w.l(libinit2.o)
    0x08000246   0x00000000   Code   RO         6934    .ARM.Collect$$libinit$$00000025  c_w.l(libinit2.o)
    0x08000246   0x00000000   Code   RO         6938    .ARM.Collect$$libinit$$0000002C  c_w.l(libinit2.o)
    0x08000246   0x00000000   Code   RO         6940    .ARM.Collect$$libinit$$0000002E  c_w.l(libinit2.o)
    0x08000246   0x00000000   Code   RO         6942    .ARM.Collect$$libinit$$00000030  c_w.l(libinit2.o)
    0x08000246   0x00000000   Code   RO         6944    .ARM.Collect$$libinit$$00000032  c_w.l(libinit2.o)
    0x08000246   0x00000002   Code   RO         6945    .ARM.Collect$$libinit$$00000033  c_w.l(libinit2.o)
    0x08000248   0x00000002   Code   RO         6967    .ARM.Collect$$libshutdown$$00000000  c_w.l(libshutdown.o)
    0x0800024a   0x00000000   Code   RO         6980    .ARM.Collect$$libshutdown$$00000002  c_w.l(libshutdown2.o)
    0x0800024a   0x00000000   Code   RO         6982    .ARM.Collect$$libshutdown$$00000004  c_w.l(libshutdown2.o)
    0x0800024a   0x00000000   Code   RO         6985    .ARM.Collect$$libshutdown$$00000007  c_w.l(libshutdown2.o)
    0x0800024a   0x00000000   Code   RO         6988    .ARM.Collect$$libshutdown$$0000000A  c_w.l(libshutdown2.o)
    0x0800024a   0x00000000   Code   RO         6990    .ARM.Collect$$libshutdown$$0000000C  c_w.l(libshutdown2.o)
    0x0800024a   0x00000000   Code   RO         6993    .ARM.Collect$$libshutdown$$0000000F  c_w.l(libshutdown2.o)
    0x0800024a   0x00000002   Code   RO         6994    .ARM.Collect$$libshutdown$$00000010  c_w.l(libshutdown2.o)
    0x0800024c   0x00000000   Code   RO         6782    .ARM.Collect$$rtentry$$00000000  c_w.l(__rtentry.o)
    0x0800024c   0x00000000   Code   RO         6856    .ARM.Collect$$rtentry$$00000002  c_w.l(__rtentry2.o)
    0x0800024c   0x00000006   Code   RO         6868    .ARM.Collect$$rtentry$$00000004  c_w.l(__rtentry4.o)
    0x08000252   0x00000000   Code   RO         6858    .ARM.Collect$$rtentry$$00000009  c_w.l(__rtentry2.o)
    0x08000252   0x00000004   Code   RO         6859    .ARM.Collect$$rtentry$$0000000A  c_w.l(__rtentry2.o)
    0x08000256   0x00000000   Code   RO         6861    .ARM.Collect$$rtentry$$0000000C  c_w.l(__rtentry2.o)
    0x08000256   0x00000008   Code   RO         6862    .ARM.Collect$$rtentry$$0000000D  c_w.l(__rtentry2.o)
    0x0800025e   0x00000002   Code   RO         6899    .ARM.Collect$$rtexit$$00000000  c_w.l(rtexit.o)
    0x08000260   0x00000000   Code   RO         6947    .ARM.Collect$$rtexit$$00000002  c_w.l(rtexit2.o)
    0x08000260   0x00000004   Code   RO         6948    .ARM.Collect$$rtexit$$00000003  c_w.l(rtexit2.o)
    0x08000264   0x00000006   Code   RO         6949    .ARM.Collect$$rtexit$$00000004  c_w.l(rtexit2.o)
    0x0800026a   0x00000002   PAD
    0x0800026c   0x000000ba   Code   RO         5515    .emb_text           rm_infantry1_3.lib(port.o)
    0x08000326   0x0000008a   Code   RO         6698    .text               c_w.l(rt_memcpy_v6.o)
    0x080003b0   0x00000064   Code   RO         6700    .text               c_w.l(rt_memcpy_w.o)
    0x08000414   0x00000010   Code   RO         6702    .text               c_w.l(aeabi_memset.o)
    0x08000424   0x00000044   Code   RO         6704    .text               c_w.l(rt_memclr.o)
    0x08000468   0x00000016   Code   RO         6783    .text               c_w.l(_rserrno.o)
    0x0800047e   0x0000004e   Code   RO         6785    .text               c_w.l(rt_memclr_w.o)
    0x080004cc   0x00000008   Code   RO         6873    .text               c_w.l(rt_errno_addr_intlibspace.o)
    0x080004d4   0x00000008   Code   RO         6879    .text               c_w.l(libspace.o)
    0x080004dc   0x0000004a   Code   RO         6882    .text               c_w.l(sys_stackheap_outer.o)
    0x08000526   0x00000012   Code   RO         6884    .text               c_w.l(exit.o)
    0x08000538   0x00000040   Code   RO         6895    .text               rm_infantry1_3.lib(startup_stm32f427xx.o)
    0x08000578   0x00000006   Code   RO         6953    .text               c_w.l(heapauxi.o)
    0x0800057e   0x00000002   PAD
    0x08000580   0x0000000c   Code   RO         6959    .text               c_w.l(sys_exit.o)
    0x0800058c   0x00000002   Code   RO         6970    .text               c_w.l(use_no_semi.o)
    0x0800058e   0x00000000   Code   RO         6972    .text               c_w.l(indicate_semi.o)
    0x0800058e   0x00000002   PAD
    0x08000590   0x0000016c   Code   RO         4963    i.ADC_Init          rm_infantry1_3.lib(stm32f4xx_hal_adc.o)
    0x080006fc   0x00000004   Code   RO          951    i.BusFault_Handler  stm32f4xx_it.o
    0x08000700   0x00000010   Code   RO          952    i.CAN1_RX0_IRQHandler  stm32f4xx_it.o
    0x08000710   0x00000010   Code   RO          953    i.CAN1_TX_IRQHandler  stm32f4xx_it.o
    0x08000720   0x00000010   Code   RO          954    i.CAN2_RX0_IRQHandler  stm32f4xx_it.o
    0x08000730   0x00000010   Code   RO          955    i.CAN2_TX_IRQHandler  stm32f4xx_it.o
    0x08000740   0x000001c2   Code   RO         2128    i.CAN_Receive_IT    rm_infantry1_3.lib(stm32f4xx_hal_can.o)
    0x08000902   0x00000062   Code   RO         2129    i.CAN_Transmit_IT   rm_infantry1_3.lib(stm32f4xx_hal_can.o)
    0x08000964   0x00000010   Code   RO          956    i.DMA1_Stream1_IRQHandler  stm32f4xx_it.o
    0x08000974   0x00000010   Code   RO          957    i.DMA1_Stream3_IRQHandler  stm32f4xx_it.o
    0x08000984   0x00000010   Code   RO          958    i.DMA1_Stream6_IRQHandler  stm32f4xx_it.o
    0x08000994   0x00000010   Code   RO          959    i.DMA2_Stream1_IRQHandler  stm32f4xx_it.o
    0x080009a4   0x00000010   Code   RO          960    i.DMA2_Stream2_IRQHandler  stm32f4xx_it.o
    0x080009b4   0x00000034   Code   RO         1105    i.DMA_CalcBaseAndBitshift  rm_infantry1_3.lib(stm32f4xx_hal_dma.o)
    0x080009e8   0x000000aa   Code   RO         1106    i.DMA_CheckFifoParam  rm_infantry1_3.lib(stm32f4xx_hal_dma.o)
    0x08000a92   0x0000002c   Code   RO         1107    i.DMA_SetConfig     rm_infantry1_3.lib(stm32f4xx_hal_dma.o)
    0x08000abe   0x00000002   Code   RO          961    i.DebugMon_Handler  stm32f4xx_it.o
    0x08000ac0   0x00000194   Code   RO         4965    i.HAL_ADC_ConfigChannel  rm_infantry1_3.lib(stm32f4xx_hal_adc.o)
    0x08000c54   0x00000068   Code   RO         4974    i.HAL_ADC_Init      rm_infantry1_3.lib(stm32f4xx_hal_adc.o)
    0x08000cbc   0x00000054   Code   RO         5938    i.HAL_ADC_MspInit   rm_infantry1_3.lib(adc.o)
    0x08000d10   0x00000108   Code   RO         2130    i.HAL_CAN_ConfigFilter  rm_infantry1_3.lib(stm32f4xx_hal_can.o)
    0x08000e18   0x00000002   Code   RO         2132    i.HAL_CAN_ErrorCallback  rm_infantry1_3.lib(stm32f4xx_hal_can.o)
    0x08000e1a   0x00000002   PAD
    0x08000e1c   0x00000254   Code   RO         2135    i.HAL_CAN_IRQHandler  rm_infantry1_3.lib(stm32f4xx_hal_can.o)
    0x08001070   0x000001bc   Code   RO         2136    i.HAL_CAN_Init      rm_infantry1_3.lib(stm32f4xx_hal_can.o)
    0x0800122c   0x00000134   Code   RO         2989    i.HAL_CAN_MspInit   rm_infantry1_3.lib(can.o)
    0x08001360   0x0000010c   Code   RO         2140    i.HAL_CAN_Receive_IT  rm_infantry1_3.lib(stm32f4xx_hal_can.o)
    0x0800146c   0x00000068   Code   RO         3362    i.HAL_CAN_RxCpltCallback  rm_infantry1_3.lib(bsp_can.o)
    0x080014d4   0x000002b8   Code   RO         2143    i.HAL_CAN_Transmit  rm_infantry1_3.lib(stm32f4xx_hal_can.o)
    0x0800178c   0x00000002   Code   RO         2145    i.HAL_CAN_TxCpltCallback  rm_infantry1_3.lib(stm32f4xx_hal_can.o)
    0x0800178e   0x00000028   Code   RO         1109    i.HAL_DMA_Abort_IT  rm_infantry1_3.lib(stm32f4xx_hal_dma.o)
    0x080017b6   0x00000002   PAD
    0x080017b8   0x00000248   Code   RO         1113    i.HAL_DMA_IRQHandler  rm_infantry1_3.lib(stm32f4xx_hal_dma.o)
    0x08001a00   0x000000ec   Code   RO         1114    i.HAL_DMA_Init      rm_infantry1_3.lib(stm32f4xx_hal_dma.o)
    0x08001aec   0x00000066   Code   RO         1117    i.HAL_DMA_Start     rm_infantry1_3.lib(stm32f4xx_hal_dma.o)
    0x08001b52   0x0000001e   Code   RO         1970    i.HAL_Delay         rm_infantry1_3.lib(stm32f4xx_hal.o)
    0x08001b70   0x0000021c   Code   RO         3981    i.HAL_GPIO_Init     rm_infantry1_3.lib(stm32f4xx_hal_gpio.o)
    0x08001d8c   0x0000000c   Code   RO         3985    i.HAL_GPIO_WritePin  rm_infantry1_3.lib(stm32f4xx_hal_gpio.o)
    0x08001d98   0x0000000c   Code   RO         1978    i.HAL_GetTick       rm_infantry1_3.lib(stm32f4xx_hal.o)
    0x08001da4   0x00000010   Code   RO         1980    i.HAL_IncTick       rm_infantry1_3.lib(stm32f4xx_hal.o)
    0x08001db4   0x0000003c   Code   RO         1981    i.HAL_Init          rm_infantry1_3.lib(stm32f4xx_hal.o)
    0x08001df0   0x0000008c   Code   RO         3109    i.HAL_InitTick      rm_infantry1_3.lib(stm32f4xx_hal_timebase_tim.o)
    0x08001e7c   0x00000002   Code   RO         1984    i.HAL_MspInit       rm_infantry1_3.lib(stm32f4xx_hal.o)
    0x08001e7e   0x0000001a   Code   RO         4825    i.HAL_NVIC_EnableIRQ  rm_infantry1_3.lib(stm32f4xx_hal_cortex.o)
    0x08001e98   0x0000007c   Code   RO         4831    i.HAL_NVIC_SetPriority  rm_infantry1_3.lib(stm32f4xx_hal_cortex.o)
    0x08001f14   0x00000028   Code   RO         4832    i.HAL_NVIC_SetPriorityGrouping  rm_infantry1_3.lib(stm32f4xx_hal_cortex.o)
    0x08001f3c   0x000000a4   Code   RO         5985    i.HAL_PWREx_EnableOverDrive  rm_infantry1_3.lib(stm32f4xx_hal_pwr_ex.o)
    0x08001fe0   0x00000370   Code   RO         6053    i.HAL_RCCEx_PeriphCLKConfig  rm_infantry1_3.lib(stm32f4xx_hal_rcc_ex.o)
    0x08002350   0x000001d0   Code   RO         4045    i.HAL_RCC_ClockConfig  rm_infantry1_3.lib(stm32f4xx_hal_rcc.o)
    0x08002520   0x00000044   Code   RO         4049    i.HAL_RCC_GetClockConfig  rm_infantry1_3.lib(stm32f4xx_hal_rcc.o)
    0x08002564   0x0000000c   Code   RO         4050    i.HAL_RCC_GetHCLKFreq  rm_infantry1_3.lib(stm32f4xx_hal_rcc.o)
    0x08002570   0x0000002c   Code   RO         4052    i.HAL_RCC_GetPCLK1Freq  rm_infantry1_3.lib(stm32f4xx_hal_rcc.o)
    0x0800259c   0x0000002c   Code   RO         4053    i.HAL_RCC_GetPCLK2Freq  rm_infantry1_3.lib(stm32f4xx_hal_rcc.o)
    0x080025c8   0x000000b4   Code   RO         4054    i.HAL_RCC_GetSysClockFreq  rm_infantry1_3.lib(stm32f4xx_hal_rcc.o)
    0x0800267c   0x0000044c   Code   RO         4057    i.HAL_RCC_OscConfig  rm_infantry1_3.lib(stm32f4xx_hal_rcc.o)
    0x08002ac8   0x00000012   Code   RO         6472    i.HAL_RTCEx_BKUPRead  rm_infantry1_3.lib(stm32f4xx_hal_rtc_ex.o)
    0x08002ada   0x00000012   Code   RO         6473    i.HAL_RTCEx_BKUPWrite  rm_infantry1_3.lib(stm32f4xx_hal_rtc_ex.o)
    0x08002aec   0x000000fe   Code   RO         6498    i.HAL_RTCEx_SetWakeUpTimer  rm_infantry1_3.lib(stm32f4xx_hal_rtc_ex.o)
    0x08002bea   0x00000002   PAD
    0x08002bec   0x000000b4   Code   RO         6341    i.HAL_RTC_Init      rm_infantry1_3.lib(stm32f4xx_hal_rtc.o)
    0x08002ca0   0x00000018   Code   RO         6268    i.HAL_RTC_MspInit   rm_infantry1_3.lib(rtc.o)
    0x08002cb8   0x00000114   Code   RO         6347    i.HAL_RTC_SetDate   rm_infantry1_3.lib(stm32f4xx_hal_rtc.o)
    0x08002dcc   0x00000134   Code   RO         6348    i.HAL_RTC_SetTime   rm_infantry1_3.lib(stm32f4xx_hal_rtc.o)
    0x08002f00   0x0000003a   Code   RO         6349    i.HAL_RTC_WaitForSynchro  rm_infantry1_3.lib(stm32f4xx_hal_rtc.o)
    0x08002f3a   0x0000008c   Code   RO         4396    i.HAL_SPI_Init      rm_infantry1_3.lib(stm32f4xx_hal_spi.o)
    0x08002fc6   0x00000002   PAD
    0x08002fc8   0x0000005c   Code   RO         5896    i.HAL_SPI_MspInit   rm_infantry1_3.lib(spi.o)
    0x08003024   0x0000021e   Code   RO         4405    i.HAL_SPI_TransmitReceive  rm_infantry1_3.lib(stm32f4xx_hal_spi.o)
    0x08003242   0x00000028   Code   RO         4834    i.HAL_SYSTICK_CLKSourceConfig  rm_infantry1_3.lib(stm32f4xx_hal_cortex.o)
    0x0800326a   0x00000034   Code   RO         4836    i.HAL_SYSTICK_Config  rm_infantry1_3.lib(stm32f4xx_hal_cortex.o)
    0x0800329e   0x00000002   Code   RO         4146    i.HAL_TIMEx_BreakCallback  rm_infantry1_3.lib(stm32f4xx_hal_tim_ex.o)
    0x080032a0   0x00000002   Code   RO         4147    i.HAL_TIMEx_CommutationCallback  rm_infantry1_3.lib(stm32f4xx_hal_tim_ex.o)
    0x080032a2   0x0000007e   Code   RO         4148    i.HAL_TIMEx_ConfigBreakDeadTime  rm_infantry1_3.lib(stm32f4xx_hal_tim_ex.o)
    0x08003320   0x00000062   Code   RO         4163    i.HAL_TIMEx_MasterConfigSynchronization  rm_infantry1_3.lib(stm32f4xx_hal_tim_ex.o)
    0x08003382   0x00000034   Code   RO         1324    i.HAL_TIM_Base_Init  rm_infantry1_3.lib(stm32f4xx_hal_tim.o)
    0x080033b6   0x00000002   Code   RO         1326    i.HAL_TIM_Base_MspInit  rm_infantry1_3.lib(stm32f4xx_hal_tim.o)
    0x080033b8   0x0000001e   Code   RO         1329    i.HAL_TIM_Base_Start_IT  rm_infantry1_3.lib(stm32f4xx_hal_tim.o)
    0x080033d6   0x00000002   Code   RO         1353    i.HAL_TIM_IC_CaptureCallback  rm_infantry1_3.lib(stm32f4xx_hal_tim.o)
    0x080033d8   0x00000196   Code   RO         1366    i.HAL_TIM_IRQHandler  rm_infantry1_3.lib(stm32f4xx_hal_tim.o)
    0x0800356e   0x00000002   PAD
    0x08003570   0x00000128   Code   RO         5768    i.HAL_TIM_MspPostInit  rm_infantry1_3.lib(tim.o)
    0x08003698   0x00000002   Code   RO         1369    i.HAL_TIM_OC_DelayElapsedCallback  rm_infantry1_3.lib(stm32f4xx_hal_tim.o)
    0x0800369a   0x00000108   Code   RO         1390    i.HAL_TIM_PWM_ConfigChannel  rm_infantry1_3.lib(stm32f4xx_hal_tim.o)
    0x080037a2   0x00000034   Code   RO         1393    i.HAL_TIM_PWM_Init  rm_infantry1_3.lib(stm32f4xx_hal_tim.o)
    0x080037d6   0x00000002   PAD
    0x080037d8   0x00000110   Code   RO         5770    i.HAL_TIM_PWM_MspInit  rm_infantry1_3.lib(tim.o)
    0x080038e8   0x00000002   Code   RO         1396    i.HAL_TIM_PWM_PulseFinishedCallback  rm_infantry1_3.lib(stm32f4xx_hal_tim.o)
    0x080038ea   0x00000002   PAD
    0x080038ec   0x0000004c   Code   RO         1397    i.HAL_TIM_PWM_Start  rm_infantry1_3.lib(stm32f4xx_hal_tim.o)
    0x08003938   0x00000018   Code   RO         5846    i.HAL_TIM_PeriodElapsedCallback  rm_infantry1_3.lib(main.o)
    0x08003950   0x00000002   Code   RO         1407    i.HAL_TIM_TriggerCallback  rm_infantry1_3.lib(stm32f4xx_hal_tim.o)
    0x08003952   0x00000002   Code   RO         2279    i.HAL_UART_ErrorCallback  rm_infantry1_3.lib(stm32f4xx_hal_uart.o)
    0x08003954   0x0000014c   Code   RO         2282    i.HAL_UART_IRQHandler  rm_infantry1_3.lib(stm32f4xx_hal_uart.o)
    0x08003aa0   0x00000072   Code   RO         2283    i.HAL_UART_Init     rm_infantry1_3.lib(stm32f4xx_hal_uart.o)
    0x08003b12   0x00000002   PAD
    0x08003b14   0x00000358   Code   RO         3041    i.HAL_UART_MspInit  rm_infantry1_3.lib(usart.o)
    0x08003e6c   0x00000002   Code   RO         2289    i.HAL_UART_RxCpltCallback  rm_infantry1_3.lib(stm32f4xx_hal_uart.o)
    0x08003e6e   0x00000002   Code   RO         2294    i.HAL_UART_TxCpltCallback  rm_infantry1_3.lib(stm32f4xx_hal_uart.o)
    0x08003e70   0x00000004   Code   RO          962    i.HardFault_Handler  stm32f4xx_it.o
    0x08003e74   0x0000007c   Code   RO         5939    i.MX_ADC1_Init      rm_infantry1_3.lib(adc.o)
    0x08003ef0   0x00000058   Code   RO         2990    i.MX_CAN1_Init      rm_infantry1_3.lib(can.o)
    0x08003f48   0x0000005c   Code   RO         2991    i.MX_CAN2_Init      rm_infantry1_3.lib(can.o)
    0x08003fa4   0x00000098   Code   RO         6309    i.MX_DMA_Init       rm_infantry1_3.lib(dma.o)
    0x0800403c   0x00000048   Code   RO         3149    i.MX_FREERTOS_Init  rm_infantry1_3.lib(freertos.o)
    0x08004084   0x000002b4   Code   RO         6243    i.MX_GPIO_Init      rm_infantry1_3.lib(gpio.o)
    0x08004338   0x000000d0   Code   RO         6269    i.MX_RTC_Init       rm_infantry1_3.lib(rtc.o)
    0x08004408   0x00000058   Code   RO         5897    i.MX_SPI5_Init      rm_infantry1_3.lib(spi.o)
    0x08004460   0x0000006c   Code   RO         5771    i.MX_TIM12_Init     rm_infantry1_3.lib(tim.o)
    0x080044cc   0x000000c4   Code   RO         5772    i.MX_TIM2_Init      rm_infantry1_3.lib(tim.o)
    0x08004590   0x000000a0   Code   RO         5773    i.MX_TIM3_Init      rm_infantry1_3.lib(tim.o)
    0x08004630   0x000000c8   Code   RO         5774    i.MX_TIM4_Init      rm_infantry1_3.lib(tim.o)
    0x080046f8   0x000000c8   Code   RO         5775    i.MX_TIM5_Init      rm_infantry1_3.lib(tim.o)
    0x080047c0   0x00000104   Code   RO         5776    i.MX_TIM8_Init      rm_infantry1_3.lib(tim.o)
    0x080048c4   0x0000004c   Code   RO         3042    i.MX_UART7_Init     rm_infantry1_3.lib(usart.o)
    0x08004910   0x0000004c   Code   RO         3043    i.MX_UART8_Init     rm_infantry1_3.lib(usart.o)
    0x0800495c   0x00000050   Code   RO         3044    i.MX_USART1_UART_Init  rm_infantry1_3.lib(usart.o)
    0x080049ac   0x0000004c   Code   RO         3045    i.MX_USART3_UART_Init  rm_infantry1_3.lib(usart.o)
    0x080049f8   0x0000004c   Code   RO         3046    i.MX_USART6_UART_Init  rm_infantry1_3.lib(usart.o)
    0x08004a44   0x00000004   Code   RO          963    i.MemManage_Handler  stm32f4xx_it.o
    0x08004a48   0x00000002   Code   RO          964    i.NMI_Handler       stm32f4xx_it.o
    0x08004a4a   0x00000002   PAD
    0x08004a4c   0x00000010   Code   RO         4838    i.NVIC_GetPriorityGrouping  rm_infantry1_3.lib(stm32f4xx_hal_cortex.o)
    0x08004a5c   0x00000028   Code   RO         4839    i.NVIC_SetPriority  rm_infantry1_3.lib(stm32f4xx_hal_cortex.o)
    0x08004a84   0x00000016   Code   RO         6350    i.RTC_Bcd2ToByte    rm_infantry1_3.lib(stm32f4xx_hal_rtc.o)
    0x08004a9a   0x0000001a   Code   RO         6351    i.RTC_ByteToBcd2    rm_infantry1_3.lib(stm32f4xx_hal_rtc.o)
    0x08004ab4   0x0000003e   Code   RO         6352    i.RTC_EnterInitMode  rm_infantry1_3.lib(stm32f4xx_hal_rtc.o)
    0x08004af2   0x00000028   Code   RO         4420    i.SPI_CheckFlag_BSY  rm_infantry1_3.lib(stm32f4xx_hal_spi.o)
    0x08004b1a   0x000000aa   Code   RO         4438    i.SPI_WaitFlagStateUntilTimeout  rm_infantry1_3.lib(stm32f4xx_hal_spi.o)
    0x08004bc4   0x0000000a   Code   RO         3150    i.StartDefaultTask  rm_infantry1_3.lib(freertos.o)
    0x08004bce   0x00000008   Code   RO          965    i.SysTick_Handler   stm32f4xx_it.o
    0x08004bd6   0x00000002   PAD
    0x08004bd8   0x00000108   Code   RO         5847    i.SystemClock_Config  rm_infantry1_3.lib(main.o)
    0x08004ce0   0x00000064   Code   RO         3792    i.SystemInit        rm_infantry1_3.lib(system_stm32f4xx.o)
    0x08004d44   0x00000010   Code   RO          966    i.TIM6_DAC_IRQHandler  stm32f4xx_it.o
    0x08004d54   0x000000e4   Code   RO         1408    i.TIM_Base_SetConfig  rm_infantry1_3.lib(stm32f4xx_hal_tim.o)
    0x08004e38   0x0000001c   Code   RO         1409    i.TIM_CCxChannelCmd  rm_infantry1_3.lib(stm32f4xx_hal_tim.o)
    0x08004e54   0x00000070   Code   RO         1417    i.TIM_OC1_SetConfig  rm_infantry1_3.lib(stm32f4xx_hal_tim.o)
    0x08004ec4   0x00000078   Code   RO         1418    i.TIM_OC2_SetConfig  rm_infantry1_3.lib(stm32f4xx_hal_tim.o)
    0x08004f3c   0x00000078   Code   RO         1419    i.TIM_OC3_SetConfig  rm_infantry1_3.lib(stm32f4xx_hal_tim.o)
    0x08004fb4   0x00000060   Code   RO         1420    i.TIM_OC4_SetConfig  rm_infantry1_3.lib(stm32f4xx_hal_tim.o)
    0x08005014   0x00000014   Code   RO          967    i.UART7_IRQHandler  stm32f4xx_it.o
    0x08005028   0x00000014   Code   RO          968    i.UART8_IRQHandler  stm32f4xx_it.o
    0x0800503c   0x00000014   Code   RO         2296    i.UART_DMAAbortOnError  rm_infantry1_3.lib(stm32f4xx_hal_uart.o)
    0x08005050   0x00000020   Code   RO         2306    i.UART_EndRxTransfer  rm_infantry1_3.lib(stm32f4xx_hal_uart.o)
    0x08005070   0x00000020   Code   RO         2307    i.UART_EndTransmit_IT  rm_infantry1_3.lib(stm32f4xx_hal_uart.o)
    0x08005090   0x0000009a   Code   RO         2309    i.UART_Receive_IT   rm_infantry1_3.lib(stm32f4xx_hal_uart.o)
    0x0800512a   0x00000002   PAD
    0x0800512c   0x00000368   Code   RO         2310    i.UART_SetConfig    rm_infantry1_3.lib(stm32f4xx_hal_uart.o)
    0x08005494   0x00000068   Code   RO         2311    i.UART_Transmit_IT  rm_infantry1_3.lib(stm32f4xx_hal_uart.o)
    0x080054fc   0x00000014   Code   RO          969    i.USART1_IRQHandler  stm32f4xx_it.o
    0x08005510   0x00000014   Code   RO          970    i.USART3_IRQHandler  stm32f4xx_it.o
    0x08005524   0x00000014   Code   RO          971    i.USART6_IRQHandler  stm32f4xx_it.o
    0x08005538   0x00000004   Code   RO          972    i.UsageFault_Handler  stm32f4xx_it.o
    0x0800553c   0x00000004   Code   RO         5848    i._Error_Handler    rm_infantry1_3.lib(main.o)
    0x08005540   0x00000030   Code   RO         6839    i.__ARM_fpclassify  m_wm.l(fpclassify.o)
    0x08005570   0x00000360   Code   RO         6726    i.__hardfp_asin     m_wm.l(asin.o)
    0x080058d0   0x000002d8   Code   RO         6808    i.__hardfp_atan     m_wm.l(atan.o)
    0x08005ba8   0x000001f0   Code   RO         6740    i.__hardfp_atan2    m_wm.l(atan2.o)
    0x08005d98   0x0000007a   Code   RO         6770    i.__hardfp_sqrt     m_wm.l(sqrt.o)
    0x08005e12   0x000000f8   Code   RO         6841    i.__kernel_poly     m_wm.l(poly.o)
    0x08005f0a   0x00000014   Code   RO         6826    i.__mathlib_dbl_infnan  m_wm.l(dunder.o)
    0x08005f1e   0x00000014   Code   RO         6827    i.__mathlib_dbl_infnan2  m_wm.l(dunder.o)
    0x08005f32   0x00000006   PAD
    0x08005f38   0x00000020   Code   RO         6828    i.__mathlib_dbl_invalid  m_wm.l(dunder.o)
    0x08005f58   0x00000020   Code   RO         6831    i.__mathlib_dbl_underflow  m_wm.l(dunder.o)
    0x08005f78   0x0000002e   Code   RO          330    i.abs_limit         pid.o
    0x08005fa6   0x00000010   Code   RO         6810    i.atan              m_wm.l(atan.o)
    0x08005fb6   0x00000002   PAD
    0x08005fb8   0x00000168   Code   RO            4    i.can1_recv_callback  can_device.o
    0x08006120   0x00000068   Code   RO         3363    i.can_device_init   rm_infantry1_3.lib(bsp_can.o)
    0x08006188   0x0000001c   Code   RO         3364    i.can_receive_start  rm_infantry1_3.lib(bsp_can.o)
    0x080061a4   0x00000018   Code   RO         3365    i.can_recv_callback_register  rm_infantry1_3.lib(bsp_can.o)
    0x080061bc   0x0000001c   Code   RO          200    i.dbus_uart_callback  uart_device.o
    0x080061d8   0x0000002c   Code   RO         3668    i.digital_tube_init  rm_infantry1_3.lib(bsp_io.o)
    0x08006204   0x000000b8   Code   RO         3669    i.display_num       rm_infantry1_3.lib(bsp_io.o)
    0x080062bc   0x000000d0   Code   RO            6    i.encoder_data_handle  can_device.o
    0x0800638c   0x00000028   Code   RO          691    i.err_detector_hook  detect_task.o
    0x080063b4   0x00000030   Code   RO          739    i.execute_task      execute_task.o
    0x080063e4   0x00000018   Code   RO         6754    i.fabs              m_wm.l(fabs.o)
    0x080063fc   0x00000010   Code   RO            7    i.get_moto_offset   can_device.o
    0x0800640c   0x000007e0   Code   RO         3532    i.imu_AHRS_update   rm_infantry1_3.lib(bsp_imu.o)
    0x08006bec   0x00000344   Code   RO         3533    i.imu_attitude_update  rm_infantry1_3.lib(bsp_imu.o)
    0x08006f30   0x00000034   Code   RO         3534    i.imu_task          rm_infantry1_3.lib(bsp_imu.o)
    0x08006f64   0x0000009c   Code   RO          413    i.init_setup        startup.o
    0x08007000   0x0000003c   Code   RO         3535    i.invSqrt           rm_infantry1_3.lib(bsp_imu.o)
    0x0800703c   0x00000100   Code   RO         3537    i.ist8310_init      rm_infantry1_3.lib(bsp_imu.o)
    0x0800713c   0x0000003a   Code   RO         3538    i.ist_reg_read_by_mpu  rm_infantry1_3.lib(bsp_imu.o)
    0x08007176   0x00000040   Code   RO         3539    i.ist_reg_write_by_mpu  rm_infantry1_3.lib(bsp_imu.o)
    0x080071b6   0x00000002   PAD
    0x080071b8   0x000000b0   Code   RO         5849    i.main              rm_infantry1_3.lib(main.o)
    0x08007268   0x0000000e   Code   RO         2590    i.makeFreeRtosPriority  rm_infantry1_3.lib(cmsis_os.o)
    0x08007276   0x00000002   PAD
    0x08007278   0x00000068   Code   RO         3540    i.mpu_device_init   rm_infantry1_3.lib(bsp_imu.o)
    0x080072e0   0x000001e8   Code   RO         3541    i.mpu_get_data      rm_infantry1_3.lib(bsp_imu.o)
    0x080074c8   0x0000008c   Code   RO         3542    i.mpu_mst_i2c_auto_read_config  rm_infantry1_3.lib(bsp_imu.o)
    0x08007554   0x00000130   Code   RO         3543    i.mpu_offset_cal    rm_infantry1_3.lib(bsp_imu.o)
    0x08007684   0x00000054   Code   RO         3544    i.mpu_read_reg      rm_infantry1_3.lib(bsp_imu.o)
    0x080076d8   0x00000064   Code   RO         3545    i.mpu_read_regs     rm_infantry1_3.lib(bsp_imu.o)
    0x0800773c   0x00000058   Code   RO         3546    i.mpu_write_reg     rm_infantry1_3.lib(bsp_imu.o)
    0x08007794   0x00000018   Code   RO         2592    i.osDelay           rm_infantry1_3.lib(cmsis_os.o)
    0x080077ac   0x0000000a   Code   RO         2595    i.osKernelStart     rm_infantry1_3.lib(cmsis_os.o)
    0x080077b6   0x00000010   Code   RO         2628    i.osSystickHandler  rm_infantry1_3.lib(cmsis_os.o)
    0x080077c6   0x00000030   Code   RO         2629    i.osThreadCreate    rm_infantry1_3.lib(cmsis_os.o)
    0x080077f6   0x000000ae   Code   RO          331    i.pid_calc          pid.o
    0x080078a4   0x00000012   Code   RO          332    i.pid_init          pid.o
    0x080078b6   0x00000002   PAD
    0x080078b8   0x00000098   Code   RO         5198    i.prvAddCurrentTaskToDelayedList  rm_infantry1_3.lib(tasks.o)
    0x08007950   0x000000b4   Code   RO         5199    i.prvAddNewTaskToReadyList  rm_infantry1_3.lib(tasks.o)
    0x08007a04   0x00000064   Code   RO         5200    i.prvCheckTasksWaitingTermination  rm_infantry1_3.lib(tasks.o)
    0x08007a68   0x00000012   Code   RO         5201    i.prvDeleteTCB      rm_infantry1_3.lib(tasks.o)
    0x08007a7a   0x00000002   PAD
    0x08007a7c   0x0000007c   Code   RO         5127    i.prvHeapInit       rm_infantry1_3.lib(heap_4.o)
    0x08007af8   0x00000028   Code   RO         5202    i.prvIdleTask       rm_infantry1_3.lib(tasks.o)
    0x08007b20   0x000000b4   Code   RO         5203    i.prvInitialiseNewTask  rm_infantry1_3.lib(tasks.o)
    0x08007bd4   0x00000068   Code   RO         5204    i.prvInitialiseTaskLists  rm_infantry1_3.lib(tasks.o)
    0x08007c3c   0x00000068   Code   RO         5128    i.prvInsertBlockIntoFreeList  rm_infantry1_3.lib(heap_4.o)
    0x08007ca4   0x00000034   Code   RO         5205    i.prvResetNextTaskUnblockTime  rm_infantry1_3.lib(tasks.o)
    0x08007cd8   0x00000040   Code   RO         5516    i.prvTaskExitError  rm_infantry1_3.lib(port.o)
    0x08007d18   0x0000013c   Code   RO         5129    i.pvPortMalloc      rm_infantry1_3.lib(heap_4.o)
    0x08007e54   0x0000002c   Code   RO         5517    i.pxPortInitialiseStack  rm_infantry1_3.lib(port.o)
    0x08007e80   0x00000010   Code   RO          242    i.read_cali_data    calibrate.o
    0x08007e90   0x00000018   Code   RO         3490    i.read_flash        rm_infantry1_3.lib(bsp_flash.o)
    0x08007ea8   0x00000144   Code   RO         3674    i.refresh_digital_tube  rm_infantry1_3.lib(bsp_io.o)
    0x08007fec   0x00000178   Code   RO          201    i.remote_data_handle  uart_device.o
    0x08008164   0x00000184   Code   RO         3676    i.set_digital_io_dir  rm_infantry1_3.lib(bsp_io.o)
    0x080082e8   0x00000040   Code   RO         3677    i.set_pwm_group_param  rm_infantry1_3.lib(bsp_io.o)
    0x08008328   0x000000a8   Code   RO         3678    i.set_pwm_param     rm_infantry1_3.lib(bsp_io.o)
    0x080083d0   0x00000030   Code   RO           12    i.set_test_motor_current  can_device.o
    0x08008400   0x0000006e   Code   RO         6772    i.sqrt              m_wm.l(sqrt.o)
    0x0800846e   0x00000002   PAD
    0x08008470   0x000000d4   Code   RO         3679    i.start_pwm_output  rm_infantry1_3.lib(bsp_io.o)
    0x08008544   0x00000028   Code   RO          414    i.sys_start_task    startup.o
    0x0800856c   0x000000c0   Code   RO          918    i.test_moto_control  test_custom.o
    0x0800862c   0x00000024   Code   RO          919    i.test_moto_init    test_custom.o
    0x08008650   0x00000114   Code   RO         3427    i.uart_init         rm_infantry1_3.lib(bsp_uart.o)
    0x08008764   0x0000005c   Code   RO         3428    i.uart_receive_no_dma_it  rm_infantry1_3.lib(bsp_uart.o)
    0x080087c0   0x00000078   Code   RO         3429    i.uart_receive_start  rm_infantry1_3.lib(bsp_uart.o)
    0x08008838   0x00000038   Code   RO         3430    i.uart_recv_callback_register  rm_infantry1_3.lib(bsp_uart.o)
    0x08008870   0x0000043c   Code   RO         3431    i.uart_recv_interrupt_callback  rm_infantry1_3.lib(bsp_uart.o)
    0x08008cac   0x00000028   Code   RO         6195    i.uxListRemove      rm_infantry1_3.lib(list.o)
    0x08008cd4   0x00000004   Code   RO         3151    i.vApplicationStackOverflowHook  rm_infantry1_3.lib(freertos.o)
    0x08008cd8   0x0000001a   Code   RO         6196    i.vListInitialise   rm_infantry1_3.lib(list.o)
    0x08008cf2   0x00000006   Code   RO         6197    i.vListInitialiseItem  rm_infantry1_3.lib(list.o)
    0x08008cf8   0x00000034   Code   RO         6198    i.vListInsert       rm_infantry1_3.lib(list.o)
    0x08008d2c   0x00000018   Code   RO         6199    i.vListInsertEnd    rm_infantry1_3.lib(list.o)
    0x08008d44   0x00000054   Code   RO         5519    i.vPortEnterCritical  rm_infantry1_3.lib(port.o)
    0x08008d98   0x0000003c   Code   RO         5520    i.vPortExitCritical  rm_infantry1_3.lib(port.o)
    0x08008dd4   0x00000094   Code   RO         5130    i.vPortFree         rm_infantry1_3.lib(heap_4.o)
    0x08008e68   0x00000020   Code   RO         5521    i.vPortSetupTimerInterrupt  rm_infantry1_3.lib(port.o)
    0x08008e88   0x0000005c   Code   RO         5215    i.vTaskDelay        rm_infantry1_3.lib(tasks.o)
    0x08008ee4   0x00000088   Code   RO         5227    i.vTaskStartScheduler  rm_infantry1_3.lib(tasks.o)
    0x08008f6c   0x00000010   Code   RO         5229    i.vTaskSuspendAll   rm_infantry1_3.lib(tasks.o)
    0x08008f7c   0x000000a8   Code   RO         5230    i.vTaskSwitchContext  rm_infantry1_3.lib(tasks.o)
    0x08009024   0x000000e4   Code   RO         3367    i.write_can         rm_infantry1_3.lib(bsp_can.o)
    0x08009108   0x000000b0   Code   RO         3682    i.write_digital_io  rm_infantry1_3.lib(bsp_io.o)
    0x080091b8   0x000000dc   Code   RO         3683    i.write_led_io      rm_infantry1_3.lib(bsp_io.o)
    0x08009294   0x0000013c   Code   RO         5523    i.xPortStartScheduler  rm_infantry1_3.lib(port.o)
    0x080093d0   0x00000034   Code   RO         5524    i.xPortSysTickHandler  rm_infantry1_3.lib(port.o)
    0x08009404   0x00000060   Code   RO         5232    i.xTaskCreate       rm_infantry1_3.lib(tasks.o)
    0x08009464   0x00000020   Code   RO         5236    i.xTaskGetSchedulerState  rm_infantry1_3.lib(tasks.o)
    0x08009484   0x00000148   Code   RO         5239    i.xTaskIncrementTick  rm_infantry1_3.lib(tasks.o)
    0x080095cc   0x00000104   Code   RO         5245    i.xTaskResumeAll    rm_infantry1_3.lib(tasks.o)
    0x080096d0   0x00000018   Code   RO         6787    x$fpl$basic         fz_wm.l(basic.o)
    0x080096e8   0x00000062   Code   RO         6708    x$fpl$d2f           fz_wm.l(d2f.o)
    0x0800974a   0x00000002   PAD
    0x0800974c   0x00000150   Code   RO         6789    x$fpl$dadd          fz_wm.l(daddsub_clz.o)
    0x0800989c   0x000002b0   Code   RO         6711    x$fpl$ddiv          fz_wm.l(ddiv.o)
    0x08009b4c   0x00000154   Code   RO         6722    x$fpl$dmul          fz_wm.l(dmul.o)
    0x08009ca0   0x0000009c   Code   RO         6797    x$fpl$dnaninf       fz_wm.l(dnaninf.o)
    0x08009d3c   0x0000000c   Code   RO         6799    x$fpl$dretinf       fz_wm.l(dretinf.o)
    0x08009d48   0x00000016   Code   RO         6790    x$fpl$drsb          fz_wm.l(daddsub_clz.o)
    0x08009d5e   0x00000002   PAD
    0x08009d60   0x00000198   Code   RO         6801    x$fpl$dsqrt         fz_wm.l(dsqrt_umaal.o)
    0x08009ef8   0x000001d4   Code   RO         6791    x$fpl$dsub          fz_wm.l(daddsub_clz.o)
    0x0800a0cc   0x00000056   Code   RO         6724    x$fpl$f2d           fz_wm.l(f2d.o)
    0x0800a122   0x0000008c   Code   RO         6803    x$fpl$fnaninf       fz_wm.l(fnaninf.o)
    0x0800a1ae   0x0000000a   Code   RO         6957    x$fpl$fpinit        fz_wm.l(fpinit.o)
    0x0800a1b8   0x0000000a   Code   RO         6805    x$fpl$fretinf       fz_wm.l(fretinf.o)
    0x0800a1c2   0x00000000   Code   RO         6807    x$fpl$usenofp       fz_wm.l(usenofp.o)
    0x0800a1c2   0x00000002   PAD
    0x0800a1c4   0x00000014   Data   RO          415    .constdata          startup.o
    0x0800a1d8   0x00000008   Data   RO         1120    .constdata          rm_infantry1_3.lib(stm32f4xx_hal_dma.o)
    0x0800a1e0   0x00000028   Data   RO         3152    .constdata          rm_infantry1_3.lib(freertos.o)
    0x0800a208   0x0000000e   Data   RO         3548    .constdata          rm_infantry1_3.lib(bsp_imu.o)
    0x0800a216   0x00000018   Data   RO         3793    .constdata          rm_infantry1_3.lib(system_stm32f4xx.o)
    0x0800a22e   0x00000002   PAD
    0x0800a230   0x00000050   Data   RO         6729    .constdata          m_wm.l(asin.o)
    0x0800a280   0x00000098   Data   RO         6811    .constdata          m_wm.l(atan.o)
    0x0800a318   0x00000008   Data   RO         6843    .constdata          m_wm.l(qnan.o)
    0x0800a320   0x00000008   Data   RO          416    .conststring        startup.o
    0x0800a328   0x00000014   Data   RO         3153    .conststring        rm_infantry1_3.lib(freertos.o)
    0x0800a33c   0x00000020   Data   RO         7025    Region$$Table       anon$$obj.o


    Execution Region RW_IRAM1 (Base: 0x20000000, Size: 0x00005f90, Max: 0x00030000, ABSOLUTE, COMPRESSED[0x00000018])

    Base Addr    Size         Type   Attr      Idx    E Section Name        Object

    0x20000000   0x00000028   Data   RW           14    .data               can_device.o
    0x20000028   0x00000006   Data   RW          920    .data               test_custom.o
    0x2000002e   0x00000002   PAD
    0x20000030   0x00000004   Data   RW         1987    .data               rm_infantry1_3.lib(stm32f4xx_hal.o)
    0x20000034   0x00000004   Data   RW         2993    .data               rm_infantry1_3.lib(can.o)
    0x20000038   0x0000001c   Data   RW         3154    .data               rm_infantry1_3.lib(freertos.o)
    0x20000054   0x00000008   Data   RW         3369    .data               rm_infantry1_3.lib(bsp_can.o)
    0x2000005c   0x00000084   Data   RW         3549    .data               rm_infantry1_3.lib(bsp_imu.o)
    0x200000e0   0x00000004   Data   RW         3794    .data               rm_infantry1_3.lib(system_stm32f4xx.o)
    0x200000e4   0x00000018   Data   RW         5135    .data               rm_infantry1_3.lib(heap_4.o)
    0x200000fc   0x0000003c   Data   RW         5248    .data               rm_infantry1_3.lib(tasks.o)
    0x20000138   0x0000000c   Data   RW         5525    .data               rm_infantry1_3.lib(port.o)
    0x20000144   0x000001e0   Zero   RW           13    .bss                can_device.o
    0x20000324   0x00000026   Zero   RW          202    .bss                uart_device.o
    0x2000034a   0x0000000b   Zero   RW          244    .bss                calibrate.o
    0x20000355   0x00000003   PAD
    0x20000358   0x00000270   Zero   RW          334    .bss                pid.o
    0x200005c8   0x00000056   Zero   RW          694    .bss                detect_task.o
    0x2000061e   0x00000002   PAD
    0x20000620   0x00000088   Zero   RW         2992    .bss                rm_infantry1_3.lib(can.o)
    0x200006a8   0x00000320   Zero   RW         3047    .bss                rm_infantry1_3.lib(usart.o)
    0x200009c8   0x0000003c   Zero   RW         3112    .bss                rm_infantry1_3.lib(stm32f4xx_hal_timebase_tim.o)
    0x20000a04   0x00000080   Zero   RW         3368    .bss                rm_infantry1_3.lib(bsp_can.o)
    0x20000a84   0x00000014   Zero   RW         3433    .bss                rm_infantry1_3.lib(bsp_uart.o)
    0x20000a98   0x0000007c   Zero   RW         3547    .bss                rm_infantry1_3.lib(bsp_imu.o)
    0x20000b14   0x00003c00   Zero   RW         5134    .bss                rm_infantry1_3.lib(heap_4.o)
    0x20004714   0x000000f0   Zero   RW         5247    .bss                rm_infantry1_3.lib(tasks.o)
    0x20004804   0x00000168   Zero   RW         5777    .bss                rm_infantry1_3.lib(tim.o)
    0x2000496c   0x00000058   Zero   RW         5898    .bss                rm_infantry1_3.lib(spi.o)
    0x200049c4   0x00000048   Zero   RW         5940    .bss                rm_infantry1_3.lib(adc.o)
    0x20004a0c   0x00000020   Zero   RW         6270    .bss                rm_infantry1_3.lib(rtc.o)
    0x20004a2c   0x00000060   Zero   RW         6880    .bss                c_w.l(libspace.o)
    0x20004a8c   0x00000004   PAD
    0x20004a90   0x00000500   Zero   RW         6893    HEAP                rm_infantry1_3.lib(startup_stm32f427xx.o)
    0x20004f90   0x00001000   Zero   RW         6892    STACK               rm_infantry1_3.lib(startup_stm32f427xx.o)


==============================================================================

Image component sizes


      Code (inc. data)   RO Data    RW Data    ZI Data      Debug   Object Name

        16          4          0          0         11       1277   calibrate.o
       632         38          0         40        480      10885   can_device.o
        40          4          0          0         86       1658   detect_task.o
        48          8          0          0          0        563   execute_task.o
       238          0          0          0        624       3392   pid.o
       196         28         28          0          0      19268   startup.o
       288         80          0          0          0      10951   stm32f4xx_it.o
       228         42          0          6          0       1733   test_custom.o
       404         10          0          0         38       2768   uart_device.o

    ----------------------------------------------------------------------
      2096        214         60         48       1244      52495   Object Totals
         0          0         32          0          0          0   (incl. Generated)
         6          0          0          2          5          0   (incl. Padding)

    ----------------------------------------------------------------------

      Code (inc. data)   RO Data    RW Data    ZI Data      Debug   Library Member Name

        58          0          0          0          0          0   __dczerorl.o
         8          0          0          0          0         68   __main.o
         0          0          0          0          0          0   __rtentry.o
        12          0          0          0          0          0   __rtentry2.o
         6          0          0          0          0          0   __rtentry4.o
        52          8          0          0          0          0   __scatter.o
        28          0          0          0          0          0   __scatter_zi.o
        22          0          0          0          0        100   _rserrno.o
        16          0          0          0          0         68   aeabi_memset.o
        18          0          0          0          0         80   exit.o
         6          0          0          0          0        152   heapauxi.o
         0          0          0          0          0          0   indicate_semi.o
         2          0          0          0          0          0   libinit.o
         6          0          0          0          0          0   libinit2.o
         2          0          0          0          0          0   libshutdown.o
         2          0          0          0          0          0   libshutdown2.o
         8          4          0          0         96         68   libspace.o
         8          4          0          0          0         68   rt_errno_addr_intlibspace.o
        68          0          0          0          0         68   rt_memclr.o
        78          0          0          0          0         80   rt_memclr_w.o
       138          0          0          0          0         68   rt_memcpy_v6.o
       100          0          0          0          0         80   rt_memcpy_w.o
         2          0          0          0          0          0   rtexit.o
        10          0          0          0          0          0   rtexit2.o
        12          4          0          0          0         68   sys_exit.o
        74          0          0          0          0         80   sys_stackheap_outer.o
         2          0          0          0          0         68   use_no_semi.o
        24          0          0          0          0        164   basic.o
        98          4          0          0          0        140   d2f.o
       826         16          0          0          0        492   daddsub_clz.o
       688        140          0          0          0        256   ddiv.o
       340         12          0          0          0        152   dmul.o
       156          4          0          0          0        140   dnaninf.o
        12          0          0          0          0        116   dretinf.o
       408         56          0          0          0        168   dsqrt_umaal.o
        86          4          0          0          0        132   f2d.o
       140          4          0          0          0        132   fnaninf.o
        10          0          0          0          0        116   fpinit.o
        10          0          0          0          0        116   fretinf.o
         0          0          0          0          0          0   usenofp.o
       864         94         80          0          0        280   asin.o
       744        106        152          0          0        352   atan.o
       496         64          0          0          0        192   atan2.o
       104         16          0          0          0        496   dunder.o
        24          0          0          0          0        124   fabs.o
        48          0          0          0          0        124   fpclassify.o
       248          0          0          0          0        152   poly.o
         0          0          8          0          0          0   qnan.o
       232          0          0          0          0        296   sqrt.o
       208         44          0          0         72       1697   adc.o
       488         58          0          8        128       3656   bsp_can.o
        24          6          0          0          0       2129   bsp_flash.o
      4650        328         14        132        124      11240   bsp_imu.o
      1780        186          0          0          0       6135   bsp_io.o
      1628        106          0          0         20       4974   bsp_uart.o
       488         74          0          4        136       2426   can.o
       112          0          0          0          0      22538   cmsis_os.o
       152          6          0          0          0        846   dma.o
        86         14         60         28          0     749369   freertos.o
       692         44          0          0          0       1411   gpio.o
       692         62          0         24      15360       8923   heap_4.o
       148          0          0          0          0       8890   list.o
       468         44          0          0          0       2969   main.o
       838         78          0         12          0      11272   port.o
       232         32          0          0         32       1603   rtc.o
       180         38          0          0         88       1661   spi.o
        64         26        428          0       5376        828   startup_stm32f427xx.o
       120         16          0          4          0       4426   stm32f4xx_hal.o
       872         34          0          0          0       2831   stm32f4xx_hal_adc.o
      2820         32          0          0          0       8048   stm32f4xx_hal_can.o
       338         22          0          0          0      31641   stm32f4xx_hal_cortex.o
      1228         20          8          0          0     782459   stm32f4xx_hal_dma.o
       552         54          0          0          0       2376   stm32f4xx_hal_gpio.o
       164         12          0          0          0       1312   stm32f4xx_hal_pwr_ex.o
      1912         90          0          0          0       6257   stm32f4xx_hal_rcc.o
       880         24          0          0          0       1600   stm32f4xx_hal_rcc_ex.o
       932         14          0          0          0       5870   stm32f4xx_hal_rtc.o
       290          0          0          0          0       2822   stm32f4xx_hal_rtc_ex.o
       892          0          0          0          0       4385   stm32f4xx_hal_spi.o
      1594         88          0          0          0      12473   stm32f4xx_hal_tim.o
       228          0          0          0          0       3246   stm32f4xx_hal_tim_ex.o
       140         18          0          0         60       1544   stm32f4xx_hal_timebase_tim.o
      1666         14          0          0          0       8007   stm32f4xx_hal_uart.o
       100         18         24          4          0       1203   system_stm32f4xx.o
      1954        276          0         60        240      24762   tasks.o
      1692        212          0          0        360       6182   tim.o
      1240        218          0          0        800       4671   usart.o

    ----------------------------------------------------------------------
     38888       2848        776        276      22896    1763938   Library Totals
        48          0          2          0          4          0   (incl. Padding)

    ----------------------------------------------------------------------

      Code (inc. data)   RO Data    RW Data    ZI Data      Debug   Library Name

       738         20          0          0         96       1116   c_w.l
      2798        240          0          0          0       2124   fz_wm.l
      2760        280        240          0          0       2016   m_wm.l
     32544       2308        534        276      22796    1758682   rm_infantry1_3.lib

    ----------------------------------------------------------------------
     38888       2848        776        276      22896    1763938   Library Totals

    ----------------------------------------------------------------------

==============================================================================


      Code (inc. data)   RO Data    RW Data    ZI Data      Debug   

     40984       3062        836        324      24140    1790913   Grand Totals
     40984       3062        836         24      24140    1790913   ELF Image Totals (compressed)
     40984       3062        836         24          0          0   ROM Totals

==============================================================================

    Total RO  Size (Code + RO Data)                41820 (  40.84kB)
    Total RW  Size (RW Data + ZI Data)             24464 (  23.89kB)
    Total ROM Size (Code + RO Data + RW Data)      41844 (  40.86kB)

==============================================================================

