<html>
<body>
<pre>
<h1>µVision Build Log</h1>
<h2>Tool Versions:</h2>
IDE-Version: ¦ÌVision V5.20.0.0
Copyright (C) 2016 ARM Ltd and ARM Germany GmbH. All rights reserved.
License Information: Artrix Tech, Artrix Technologies CO,.LTD, LIC=S5IGK-ZTPNL-771RP-MN7FH-AJNCS-P56YU
 
Tool Versions:
Toolchain:       MDK-ARM Professional  Version: 5.20
Toolchain Path:  C:\Keil_v5\ARM\ARMCC\Bin
C Compiler:      Armcc.exe V5.06 update 2 (build 183)
Assembler:       Armasm.exe V5.06 update 2 (build 183)
Linker/Locator:  ArmLink.exe V5.06 update 2 (build 183)
Library Manager: ArmAr.exe V5.06 update 2 (build 183)
Hex Converter:   FromElf.exe V5.06 update 2 (build 183)
CPU DLL:         SARMCM3.DLL V5.20
Dialog DLL:      DCM.DLL V1.13.7.0
Target DLL:      STLink\ST-LINKIII-KEIL_SWO.dll V2.0.18.0
Dialog DLL:      TCM.DLL V1.14.9.0
 
<h2>Project:</h2>
E:\Proj\EastFlow\EastFlowFirmware\Chassis\Project\rm_infantry.uvprojx
Project File Date:  07/27/2018

<h2>Output:</h2>
*** Using Compiler 'V5.06 update 2 (build 183)', folder: 'C:\Keil_v5\ARM\ARMCC\Bin'
Build target 'rm_infantry'
compiling mixed_pid.c...
compiling pid.c...
compiling ramp.c...
compiling calibrate.c...
compiling keyboard.c...
compiling uart_device.c...
compiling can_device.c...
compiling pid_param.c...
compiling gimbal_task.c...
compiling chassis_custom.c...
compiling chassis_task.c...
compiling startup.c...
compiling detect_task.c...
compiling execute_task.c...
compiling shoot_custom.c...
compiling gimbal_custom.c...
compiling stm32f4xx_it.c...
linking...
Program Size: Code=45300 RO-data=1152 RW-data=448 ZI-data=24456  
FromELF: creating hex file...
".\rm_infantry\rm_infantry.axf" - 0 Error(s), 0 Warning(s).

<h2>Collection of Component include folders:</h2>
  E:\Proj\EastFlow\EastFlowFirmware\Chassis\Project\RTE
  C:\Keil_v5\ARM\PACK\Keil\STM32F4xx_DFP\2.9.0\Drivers\CMSIS\Device\ST\STM32F4xx\Include

<h2>Collection of Component Files used:</h2>
Build Time Elapsed:  00:01:18
</pre>
</body>
</html>
